Archive member included to satisfy reference by file (symbol)

app/libapp.a(dtm_uart_twowire.c.obj)
                              (--whole-archive)
app/libapp.a(dtm.c.obj)       (--whole-archive)
app/libapp.a(dtm_hw.c.obj)    (--whole-archive)
app/libapp.a(main.c.obj)      (--whole-archive)
zephyr/libzephyr.a(validate_libc.c.obj)
                              (--whole-archive)
zephyr/libzephyr.a(heap.c.obj)
                              (--whole-archive)
zephyr/libzephyr.a(cbprintf_packaged.c.obj)
                              (--whole-archive)
zephyr/libzephyr.a(clock.c.obj)
                              (--whole-archive)
zephyr/libzephyr.a(printk.c.obj)
                              (--whole-archive)
zephyr/libzephyr.a(sem.c.obj)
                              (--whole-archive)
zephyr/libzephyr.a(thread_entry.c.obj)
                              (--whole-archive)
zephyr/libzephyr.a(cbprintf_complete.c.obj)
                              (--whole-archive)
zephyr/libzephyr.a(assert.c.obj)
                              (--whole-archive)
zephyr/libzephyr.a(mpsc_pbuf.c.obj)
                              (--whole-archive)
zephyr/libzephyr.a(dec.c.obj)
                              (--whole-archive)
zephyr/libzephyr.a(hex.c.obj)
                              (--whole-archive)
zephyr/libzephyr.a(rb.c.obj)  (--whole-archive)
zephyr/libzephyr.a(timeutil.c.obj)
                              (--whole-archive)
zephyr/libzephyr.a(bitarray.c.obj)
                              (--whole-archive)
zephyr/libzephyr.a(bitmask.c.obj)
                              (--whole-archive)
zephyr/libzephyr.a(getopt.c.obj)
                              (--whole-archive)
zephyr/libzephyr.a(getopt_common.c.obj)
                              (--whole-archive)
zephyr/libzephyr.a(onoff.c.obj)
                              (--whole-archive)
zephyr/libzephyr.a(notify.c.obj)
                              (--whole-archive)
zephyr/libzephyr.a(ring_buffer.c.obj)
                              (--whole-archive)
zephyr/libzephyr.a(last_section_id.c.obj)
                              (--whole-archive)
zephyr/libzephyr.a(configs.c.obj)
                              (--whole-archive)
zephyr/libzephyr.a(log_core.c.obj)
                              (--whole-archive)
zephyr/libzephyr.a(log_mgmt.c.obj)
                              (--whole-archive)
zephyr/libzephyr.a(log_cache.c.obj)
                              (--whole-archive)
zephyr/libzephyr.a(log_msg.c.obj)
                              (--whole-archive)
zephyr/libzephyr.a(log_output.c.obj)
                              (--whole-archive)
zephyr/libzephyr.a(log_backend_rtt.c.obj)
                              (--whole-archive)
zephyr/libzephyr.a(mem_attr.c.obj)
                              (--whole-archive)
zephyr/libzephyr.a(tracing_none.c.obj)
                              (--whole-archive)
zephyr/libzephyr.a(usb_device.c.obj)
                              (--whole-archive)
zephyr/libzephyr.a(usb_descriptor.c.obj)
                              (--whole-archive)
zephyr/libzephyr.a(usb_transfer.c.obj)
                              (--whole-archive)
zephyr/libzephyr.a(cdc_acm.c.obj)
                              (--whole-archive)
zephyr/libzephyr.a(usb_work_q.c.obj)
                              (--whole-archive)
zephyr/libzephyr.a(banner.c.obj)
                              (--whole-archive)
zephyr/libzephyr.a(nrf_cc3xx_platform_abort_zephyr.c.obj)
                              (--whole-archive)
zephyr/libzephyr.a(nrf_cc3xx_platform_mutex_zephyr.c.obj)
                              (--whole-archive)
zephyr/arch/common/libarch__common.a(sw_isr_common.c.obj)
                              (--whole-archive)
zephyr/arch/common/libarch__common.a(init.c.obj)
                              (--whole-archive)
zephyr/arch/common/libarch__common.a(xip.c.obj)
                              (--whole-archive)
zephyr/arch/arch/arm/core/libarch__arm__core.a(fatal.c.obj)
                              (--whole-archive)
zephyr/arch/arch/arm/core/libarch__arm__core.a(nmi.c.obj)
                              (--whole-archive)
zephyr/arch/arch/arm/core/libarch__arm__core.a(nmi_on_reset.S.obj)
                              (--whole-archive)
zephyr/arch/arch/arm/core/libarch__arm__core.a(tls.c.obj)
                              (--whole-archive)
zephyr/arch/arch/arm/core/cortex_m/libarch__arm__core__cortex_m.a(exc_exit.c.obj)
                              (--whole-archive)
zephyr/arch/arch/arm/core/cortex_m/libarch__arm__core__cortex_m.a(fault.c.obj)
                              (--whole-archive)
zephyr/arch/arch/arm/core/cortex_m/libarch__arm__core__cortex_m.a(fault_s.S.obj)
                              (--whole-archive)
zephyr/arch/arch/arm/core/cortex_m/libarch__arm__core__cortex_m.a(fpu.c.obj)
                              (--whole-archive)
zephyr/arch/arch/arm/core/cortex_m/libarch__arm__core__cortex_m.a(reset.S.obj)
                              (--whole-archive)
[...]
Memory Configuration

Name             Origin             Length             Attributes
FLASH            0x0000000000001000 0x00000000000ff000 xr
RAM              0x0000000020000000 0x0000000000040000 xw
IDT_LIST         0x00000000ffff7fff 0x0000000000008000 xw
*default*        0x0000000000000000 0xffffffffffffffff

Linker script and memory map

                0x000000000000e470                vfprintf = __l_vfprintf
                0x0000000000000000                vfscanf = __l_vfscanf
LOAD zephyr/CMakeFiles/zephyr_final.dir/misc/empty_file.c.obj
LOAD zephyr/CMakeFiles/zephyr_final.dir/isr_tables.c.obj
LOAD zephyr/CMakeFiles/offsets.dir/./arch/arm/core/offsets/offsets.c.obj
LOAD app/libapp.a
LOAD zephyr/libzephyr.a
LOAD zephyr/arch/common/libarch__common.a
LOAD zephyr/arch/arch/arm/core/libarch__arm__core.a
LOAD zephyr/arch/arch/arm/core/cortex_m/libarch__arm__core__cortex_m.a
LOAD zephyr/arch/arch/arm/core/mpu/libarch__arm__core__mpu.a
LOAD zephyr/lib/libc/picolibc/liblib__libc__picolibc.a
LOAD zephyr/lib/libc/common/liblib__libc__common.a
LOAD zephyr/lib/posix/c_lib_ext/liblib__posix__c_lib_ext.a
LOAD zephyr/soc/soc/nrf52840/libsoc__nordic.a
LOAD zephyr/boards/nordic/nrf52840dongle/libboards__nordic__nrf52840dongle.a
LOAD zephyr/drivers/usb/device/libdrivers__usb__device.a
LOAD zephyr/drivers/usb/common/nrf_usbd_common/libdrivers__usb__common__nrf_usbd_common.a
LOAD zephyr/drivers/clock_control/libdrivers__clock_control.a
LOAD zephyr/drivers/gpio/libdrivers__gpio.a
LOAD zephyr/drivers/hwinfo/libdrivers__hwinfo.a
LOAD zephyr/drivers/serial/libdrivers__serial.a
LOAD zephyr/drivers/timer/libdrivers__timer.a
LOAD modules/nrf/drivers/hw_cc3xx/lib..__nrf__drivers__hw_cc3xx.a
LOAD modules/hal_nordic/modules/hal_nordic/nrfx/libnrfx.a
LOAD modules/segger/libmodules__segger.a
LOAD zephyr/kernel/libkernel.a
LOAD zephyr/arch/common/libisr_tables.a
LOAD C:/ncs/v3.3.0/nrfxlib/crypto/nrf_cc310_platform/lib/cortex-m4/soft-float/no-interrupts/libnrf_cc310_platform_0.9.19.a
LOAD c:\ncs\toolchains\936afb6332\opt\zephyr-sdk\arm-zephyr-eabi\bin\../lib/gcc/../../picolibc/arm-zephyr-eabi/lib/thumb/v7e-m/nofp\libc.a
LOAD c:/ncs/toolchains/936afb6332/opt/zephyr-sdk/arm-zephyr-eabi/bin/../lib/gcc/arm-zephyr-eabi/12.2.0/thumb/v7e-m/nofp\libgcc.a
                0x0000000000000020                _region_min_align = 0x20

.rel.plt        0x0000000000001000        0x0
 *(SORT_BY_ALIGNMENT(.rel.plt))
                [!provide]                        PROVIDE (__rel_iplt_start = .)
 *(SORT_BY_ALIGNMENT(.rel.iplt))
 .rel.iplt      0x0000000000001000        0x0 zephyr/CMakeFiles/zephyr_final.dir/isr_tables.c.obj
                [!provide]                        PROVIDE (__rel_iplt_end = .)

.rela.plt       0x0000000000000000        0x0
 *(SORT_BY_ALIGNMENT(.rela.plt))
                [!provide]                        PROVIDE (__rela_iplt_start = .)
 *(SORT_BY_ALIGNMENT(.rela.iplt))
                [!provide]                        PROVIDE (__rela_iplt_end = .)

.rel.dyn
 *(SORT_BY_ALIGNMENT(.rel.*))

.rela.dyn
 *(SORT_BY_ALIGNMENT(.rela.*))

/DISCARD/
 *(SORT_BY_ALIGNMENT(.plt))

/DISCARD/
 *(SORT_BY_ALIGNMENT(.iplt))
                0x0000000000001000                __rom_region_start = 0x1000

rom_start       0x0000000000001000      0x100
                0x0000000000001000                __rom_start_address = .
 FILL mask 0x00
                0x0000000000001000                . = (. + (0x0 - (. - __rom_start_address)))
                0x0000000000001000                . = ALIGN (0x4)
                0x0000000000001000                . = ALIGN (0x80)
                0x0000000000001000                . = ALIGN (0x100)
                0x0000000000001000                _vector_start = .
 *(SORT_BY_ALIGNMENT(.exc_vector_table))
 *(SORT_BY_ALIGNMENT(.exc_vector_table.*))
 .exc_vector_table._vector_table_section
                0x0000000000001000       0x40 zephyr/arch/arch/arm/core/cortex_m/libarch__arm__core__cortex_m.a(vector_table.S.obj)
                0x0000000000001000                _vector_table
 *(SORT_BY_ALIGNMENT(.vectors))
                0x0000000000001100                _vector_end = .
                0x0000000000001040                . = ALIGN (0x4)
 *(SORT_BY_ALIGNMENT(.gnu.linkonce.irq_vector_table*))
 .gnu.linkonce.irq_vector_table
                0x0000000000001040       0xc0 zephyr/CMakeFiles/zephyr_final.dir/isr_tables.c.obj
                0x0000000000001040                _irq_vector_table
                0x0000000000001100                _vector_end = .

text            0x0000000000001100     0xee4c
                0x0000000000001100                __text_region_start = .
 *(SORT_BY_ALIGNMENT(.text))
 .text          0x0000000000001100       0x30 c:/ncs/toolchains/936afb6332/opt/zephyr-sdk/arm-zephyr-eabi/bin/../lib/gcc/arm-zephyr-eabi/12.2.0/thumb/v7e-m/nofp\libgcc.a(_aeabi_uldivmod.o)
                0x0000000000001100                __aeabi_uldivmod
 .text          0x0000000000001130        0x4 c:/ncs/toolchains/936afb6332/opt/zephyr-sdk/arm-zephyr-eabi/bin/../lib/gcc/arm-zephyr-eabi/12.2.0/thumb/v7e-m/nofp\libgcc.a(_dvmd_tls.o)
                0x0000000000001130                __aeabi_idiv0
                0x0000000000001130                __aeabi_ldiv0
 .text          0x0000000000001134       0x10 c:\ncs\toolchains\936afb6332\opt\zephyr-sdk\arm-zephyr-eabi\bin\../lib/gcc/../../picolibc/arm-zephyr-eabi/lib/thumb/v7e-m/nofp\libc.a(strlen.S.o)
                0x0000000000001134                strlen
 .text          0x0000000000001144      0x2a0 c:/ncs/toolchains/936afb6332/opt/zephyr-sdk/arm-zephyr-eabi/bin/../lib/gcc/arm-zephyr-eabi/12.2.0/thumb/v7e-m/nofp\libgcc.a(_udivmoddi4.o)
                0x0000000000001144                __udivmoddi4
 *(SORT_BY_ALIGNMENT(.text.*))
 .text.dtm_tr_init
                0x00000000000013e4       0x54 app/libapp.a(dtm_uart_twowire.c.obj)
                0x00000000000013e4                dtm_tr_init
 .text.dtm_tr_get
                0x0000000000001438       0xd0 app/libapp.a(dtm_uart_twowire.c.obj)
                0x0000000000001438                dtm_tr_get
 .text.dtm_tr_process
                0x0000000000001508      0x344 app/libapp.a(dtm_uart_twowire.c.obj)
                0x0000000000001508                dtm_tr_process
 .text.nrf52_errata_172
                0x000000000000184c       0x28 app/libapp.a(dtm.c.obj)
 .text.anomaly_172_rssi_check
                0x0000000000001874       0x28 app/libapp.a(dtm.c.obj)
 .text.anomaly_172_strict_mode_set
                0x000000000000189c       0x58 app/libapp.a(dtm.c.obj)
 .text.dbm_to_nrf_radio_txpower
                0x00000000000018f4       0x9c app/libapp.a(dtm.c.obj)
 .text.radio_reset
                0x0000000000001990       0x4c app/libapp.a(dtm.c.obj)
 .text.errata_191_handle
                0x00000000000019dc       0x2c app/libapp.a(dtm.c.obj)
 .text.radio_frequency_get.part.0
                0x0000000000001a08       0x24 app/libapp.a(dtm.c.obj)
 .text.errata_172_handle
                0x0000000000001a2c       0x40 app/libapp.a(dtm.c.obj)
 .text.radio_init
                0x0000000000001a6c       0xd4 app/libapp.a(dtm.c.obj)
 .text.radio_handler
                0x0000000000001b40      0x1dc app/libapp.a(dtm.c.obj)
 .text.radio_prepare
                0x0000000000001d1c       0xb0 app/libapp.a(dtm.c.obj)
 .text.endpoints_clear
                0x0000000000001dcc       0xcc app/libapp.a(dtm.c.obj)
 .text.dtm_test_done
                0x0000000000001e98       0x5c app/libapp.a(dtm.c.obj)
 .text.anomaly_timer_handler
                0x0000000000001ef4      0x10c app/libapp.a(dtm.c.obj)
 .text.dtm_init
                0x0000000000002000      0x120 app/libapp.a(dtm.c.obj)
                0x0000000000002000                dtm_init
 .text.dtm_setup_reset
                0x0000000000002120       0x2c app/libapp.a(dtm.c.obj)
                0x0000000000002120                dtm_setup_reset
 .text.dtm_setup_set_phy
                0x000000000000214c       0x68 app/libapp.a(dtm.c.obj)
                0x000000000000214c                dtm_setup_set_phy
 .text.dtm_setup_read_features
                0x00000000000021b4       0x14 app/libapp.a(dtm.c.obj)
                0x00000000000021b4                dtm_setup_read_features
 .text.dtm_setup_set_transmit_power
                0x00000000000021c8       0xcc app/libapp.a(dtm.c.obj)
                0x00000000000021c8                dtm_setup_set_transmit_power
 .text.dtm_test_receive
                0x0000000000002294       0x3c app/libapp.a(dtm.c.obj)
                0x0000000000002294                dtm_test_receive
 .text.dtm_test_transmit
                0x00000000000022d0      0x2dc app/libapp.a(dtm.c.obj)
                0x00000000000022d0                dtm_test_transmit
 .text.dtm_test_end
                0x00000000000025ac       0x1c app/libapp.a(dtm.c.obj)
                0x00000000000025ac                dtm_test_end
 .text.dtm_hw_radio_validate
                0x00000000000025c8       0x24 app/libapp.a(dtm_hw.c.obj)
                0x00000000000025c8                dtm_hw_radio_validate
 .text.dtm_hw_radio_power_array_get
                0x00000000000025ec        0x8 app/libapp.a(dtm_hw.c.obj)
                0x00000000000025ec                dtm_hw_radio_power_array_get
 .text.main     0x00000000000025f4       0x8c app/libapp.a(main.c.obj)
                0x00000000000025f4                main
 .text.sys_heap_free
                0x0000000000002680       0x64 zephyr/libzephyr.a(heap.c.obj)
                0x0000000000002680                sys_heap_free
 .text.sys_heap_init
                0x00000000000026e4       0xe4 zephyr/libzephyr.a(heap.c.obj)
                0x00000000000026e4                sys_heap_init
 .text.cbvprintf_package
                0x00000000000027c8      0x3f8 zephyr/libzephyr.a(cbprintf_packaged.c.obj)
                0x00000000000027c8                cbvprintf_package
 .text.cbprintf_package_convert
                0x0000000000002bc0      0x460 zephyr/libzephyr.a(cbprintf_packaged.c.obj)
                0x0000000000002bc0                cbprintf_package_convert
 .text.z_thread_entry
                0x0000000000003020       0x5c zephyr/libzephyr.a(thread_entry.c.obj)
                0x0000000000003020                z_thread_entry
 .text.mpsc_pbuf_init
                0x000000000000307c       0x5c zephyr/libzephyr.a(mpsc_pbuf.c.obj)
                0x000000000000307c                mpsc_pbuf_init
 .text.mpsc_pbuf_alloc
                0x00000000000030d8      0x160 zephyr/libzephyr.a(mpsc_pbuf.c.obj)
                0x00000000000030d8                mpsc_pbuf_alloc
 .text.mpsc_pbuf_commit
                0x0000000000003238       0x8c zephyr/libzephyr.a(mpsc_pbuf.c.obj)
                0x0000000000003238                mpsc_pbuf_commit
 .text.mpsc_pbuf_claim
                0x00000000000032c4      0x104 zephyr/libzephyr.a(mpsc_pbuf.c.obj)
                0x00000000000032c4                mpsc_pbuf_claim
 .text.mpsc_pbuf_free
                0x00000000000033c8       0xc0 zephyr/libzephyr.a(mpsc_pbuf.c.obj)
                0x00000000000033c8                mpsc_pbuf_free
 .text.mpsc_pbuf_is_pending
                0x0000000000003488       0x80 zephyr/libzephyr.a(mpsc_pbuf.c.obj)
                0x0000000000003488                mpsc_pbuf_is_pending
 .text.process_event
                0x0000000000003508      0x338 zephyr/libzephyr.a(onoff.c.obj)
 .text.transition_complete
                0x0000000000003840       0x50 zephyr/libzephyr.a(onoff.c.obj)
 .text.onoff_request
                0x0000000000003890      0x108 zephyr/libzephyr.a(onoff.c.obj)
                0x0000000000003890                onoff_request
 .text.onoff_release
                0x0000000000003998       0xac zephyr/libzephyr.a(onoff.c.obj)
                0x0000000000003998                onoff_release
 .text.onoff_cancel
                0x0000000000003a44       0xac zephyr/libzephyr.a(onoff.c.obj)
                0x0000000000003a44                onoff_cancel
 .text.sys_notify_finalize
                0x0000000000003af0       0x38 zephyr/libzephyr.a(notify.c.obj)
                0x0000000000003af0                sys_notify_finalize
 .text.ring_buf_put
                0x0000000000003b28       0x5c zephyr/libzephyr.a(ring_buffer.c.obj)
                0x0000000000003b28                ring_buf_put
 .text.ring_buf_get
                0x0000000000003b84       0x60 zephyr/libzephyr.a(ring_buffer.c.obj)
                0x0000000000003b84                ring_buf_get
 .text.enable_logger
                0x0000000000003be4       0x5c zephyr/libzephyr.a(log_core.c.obj)
 .text.activate_foreach_backend
                0x0000000000003c40       0x64 zephyr/libzephyr.a(log_core.c.obj)
 .text.z_log_init
                0x0000000000003ca4       0xd0 zephyr/libzephyr.a(log_core.c.obj)
 .text.log_process_thread_timer_expiry_fn
                0x0000000000003d74        0xc zephyr/libzephyr.a(log_core.c.obj)
 .text.log_format_func_t_get
                0x0000000000003d80        0xc zephyr/libzephyr.a(log_core.c.obj)
                0x0000000000003d80                log_format_func_t_get
 .text.log_set_timestamp_func
                0x0000000000003d8c       0x20 zephyr/libzephyr.a(log_core.c.obj)
                0x0000000000003d8c                log_set_timestamp_func
 .text.z_log_notify_backend_enabled
                0x0000000000003dac       0x1c zephyr/libzephyr.a(log_core.c.obj)
                0x0000000000003dac                z_log_notify_backend_enabled
 .text.z_log_dropped
                0x0000000000003dc8       0x44 zephyr/libzephyr.a(log_core.c.obj)
                0x0000000000003dc8                z_log_dropped
 .text.z_log_dropped_read_and_clear
                0x0000000000003e0c       0x20 zephyr/libzephyr.a(log_core.c.obj)
                0x0000000000003e0c                z_log_dropped_read_and_clear
 .text.dropped_notify
                0x0000000000003e2c       0x50 zephyr/libzephyr.a(log_core.c.obj)
                0x0000000000003e2c                dropped_notify
 .text.z_log_msg_init
                0x0000000000003e7c       0x20 zephyr/libzephyr.a(log_core.c.obj)
                0x0000000000003e7c                z_log_msg_init
 .text.log_core_init
                0x0000000000003e9c       0x70 zephyr/libzephyr.a(log_core.c.obj)
                0x0000000000003e9c                log_core_init
 .text.z_log_msg_alloc
                0x0000000000003f0c       0x10 zephyr/libzephyr.a(log_core.c.obj)
                0x0000000000003f0c                z_log_msg_alloc
 .text.z_log_msg_local_claim
                0x0000000000003f1c        0xc zephyr/libzephyr.a(log_core.c.obj)
                0x0000000000003f1c                z_log_msg_local_claim
 .text.z_log_msg_free
                0x0000000000003f28       0x10 zephyr/libzephyr.a(log_core.c.obj)
                0x0000000000003f28                z_log_msg_free
 .text.z_log_msg_pending
                0x0000000000003f38        0xc zephyr/libzephyr.a(log_core.c.obj)
                0x0000000000003f38                z_log_msg_pending
 .text.z_impl_log_process
                0x0000000000003f44       0xe0 zephyr/libzephyr.a(log_core.c.obj)
                0x0000000000003f44                z_impl_log_process
 .text.z_impl_log_panic
                0x0000000000004024       0x64 zephyr/libzephyr.a(log_core.c.obj)
                0x0000000000004024                z_impl_log_panic
 .text.log_process_thread_func
                0x0000000000004088      0x100 zephyr/libzephyr.a(log_core.c.obj)
 .text.z_log_msg_post_finalize
                0x0000000000004188       0xbc zephyr/libzephyr.a(log_core.c.obj)
 .text.z_log_msg_commit
                0x0000000000004244       0x24 zephyr/libzephyr.a(log_core.c.obj)
                0x0000000000004244                z_log_msg_commit
 .text.log_source_name_get
                0x0000000000004268       0x1c zephyr/libzephyr.a(log_mgmt.c.obj)
                0x0000000000004268                log_source_name_get
 .text.z_impl_z_log_msg_static_create
                0x0000000000004284      0x128 zephyr/libzephyr.a(log_msg.c.obj)
                0x0000000000004284                z_impl_z_log_msg_static_create
 .text.z_log_msg_runtime_vcreate
                0x00000000000043ac       0xd8 zephyr/libzephyr.a(log_msg.c.obj)
                0x00000000000043ac                z_log_msg_runtime_vcreate
 .text.log_msg_get_source_id
                0x0000000000004484       0x18 zephyr/libzephyr.a(log_msg.c.obj)
                0x0000000000004484                log_msg_get_source_id
 .text.print_formatted
                0x000000000000449c       0x24 zephyr/libzephyr.a(log_output.c.obj)
 .text.newline_print
                0x00000000000044c0       0x1c zephyr/libzephyr.a(log_output.c.obj)
 .text.out_func
                0x00000000000044dc       0x5c zephyr/libzephyr.a(log_output.c.obj)
 .text.log_output_process
                0x0000000000004538      0x310 zephyr/libzephyr.a(log_output.c.obj)
                0x0000000000004538                log_output_process
 .text.log_output_dropped_process
                0x0000000000004848       0x58 zephyr/libzephyr.a(log_output.c.obj)
                0x0000000000004848                log_output_dropped_process
 .text.log_output_timestamp_freq_set
                0x00000000000048a0       0x2c zephyr/libzephyr.a(log_output.c.obj)
                0x00000000000048a0                log_output_timestamp_freq_set
 .text.log_backend_rtt_init
                0x00000000000048cc        0xc zephyr/libzephyr.a(log_backend_rtt.c.obj)
 .text.format_set
                0x00000000000048d8        0xc zephyr/libzephyr.a(log_backend_rtt.c.obj)
 .text.dropped  0x00000000000048e4        0xc zephyr/libzephyr.a(log_backend_rtt.c.obj)
 .text.process  0x00000000000048f0       0x24 zephyr/libzephyr.a(log_backend_rtt.c.obj)
 .text.panic    0x0000000000004914       0x34 zephyr/libzephyr.a(log_backend_rtt.c.obj)
 .text.on_failed_write
                0x0000000000004948       0x28 zephyr/libzephyr.a(log_backend_rtt.c.obj)
 .text.data_out
                0x0000000000004970       0x88 zephyr/libzephyr.a(log_backend_rtt.c.obj)
 .text.mem_attr_get_regions
                0x00000000000049f8        0xc zephyr/libzephyr.a(mem_attr.c.obj)
                0x00000000000049f8                mem_attr_get_regions
 .text.custom_handler
                0x0000000000004a04       0x84 zephyr/libzephyr.a(usb_device.c.obj)
 .text.class_handler
                0x0000000000004a88       0x68 zephyr/libzephyr.a(usb_device.c.obj)
 .text.usb_reset_alt_setting
                0x0000000000004af0       0x10 zephyr/libzephyr.a(usb_device.c.obj)
 .text.vendor_handler
                0x0000000000004b00       0x5c zephyr/libzephyr.a(usb_device.c.obj)
 .text.is_ep_valid
                0x0000000000004b5c       0x5c zephyr/libzephyr.a(usb_device.c.obj)
 .text.usb_halt_endpoint_req
                0x0000000000004bb8       0x80 zephyr/libzephyr.a(usb_device.c.obj)
 .text.get_ep_bm_from_addr.part.0
                0x0000000000004c38       0x1c zephyr/libzephyr.a(usb_device.c.obj)
 .text.disable_endpoint
                0x0000000000004c54       0x58 zephyr/libzephyr.a(usb_device.c.obj)
 .text.usb_handle_request.constprop.0
                0x0000000000004cac       0x2c zephyr/libzephyr.a(usb_device.c.obj)
 .text.forward_status_cb
                0x0000000000004cd8       0xe4 zephyr/libzephyr.a(usb_device.c.obj)
 .text.set_endpoint
                0x0000000000004dbc       0xcc zephyr/libzephyr.a(usb_device.c.obj)
 .text.usb_handle_standard_request
                0x0000000000004e88      0x2a0 zephyr/libzephyr.a(usb_device.c.obj)
 .text.usb_write
                0x0000000000005128       0x4c zephyr/libzephyr.a(usb_device.c.obj)
                0x0000000000005128                usb_write
 .text.usb_data_to_host
                0x0000000000005174       0x60 zephyr/libzephyr.a(usb_device.c.obj)
 .text.usb_handle_control_transfer
                0x00000000000051d4      0x114 zephyr/libzephyr.a(usb_device.c.obj)
 .text.usb_set_config
                0x00000000000052e8       0x2c zephyr/libzephyr.a(usb_device.c.obj)
                0x00000000000052e8                usb_set_config
 .text.usb_enable
                0x0000000000005314      0x184 zephyr/libzephyr.a(usb_device.c.obj)
                0x0000000000005314                usb_enable
 .text.usb_update_sn_string_descriptor
                0x0000000000005498       0x88 zephyr/libzephyr.a(usb_descriptor.c.obj)
                0x0000000000005498                usb_update_sn_string_descriptor
 .text.usb_get_device_descriptor
                0x0000000000005520      0x2a4 zephyr/libzephyr.a(usb_descriptor.c.obj)
                0x0000000000005520                usb_get_device_descriptor
 .text.usb_ep_get_transfer
                0x00000000000057c4       0x2c zephyr/libzephyr.a(usb_transfer.c.obj)
 .text.usb_transfer_work
                0x00000000000057f0      0x118 zephyr/libzephyr.a(usb_transfer.c.obj)
 .text.usb_transfer_ep_callback
                0x0000000000005908       0x6c zephyr/libzephyr.a(usb_transfer.c.obj)
                0x0000000000005908                usb_transfer_ep_callback
 .text.usb_transfer
                0x0000000000005974      0x118 zephyr/libzephyr.a(usb_transfer.c.obj)
                0x0000000000005974                usb_transfer
 .text.usb_cancel_transfer
                0x0000000000005a8c       0x3c zephyr/libzephyr.a(usb_transfer.c.obj)
                0x0000000000005a8c                usb_cancel_transfer
 .text.usb_cancel_transfers
                0x0000000000005ac8       0x44 zephyr/libzephyr.a(usb_transfer.c.obj)
                0x0000000000005ac8                usb_cancel_transfers
 .text.usb_transfer_init
                0x0000000000005b0c       0x34 zephyr/libzephyr.a(usb_transfer.c.obj)
                0x0000000000005b0c                usb_transfer_init
 .text.cdc_acm_irq_rx_enable
                0x0000000000005b40       0x20 zephyr/libzephyr.a(cdc_acm.c.obj)
 .text.cdc_acm_irq_tx_enable
                0x0000000000005b60       0x20 zephyr/libzephyr.a(cdc_acm.c.obj)
 .text.cdc_acm_fifo_fill
                0x0000000000005b80       0x3c zephyr/libzephyr.a(cdc_acm.c.obj)
 .text.cdc_acm_write_cb
                0x0000000000005bbc       0x54 zephyr/libzephyr.a(cdc_acm.c.obj)
 .text.cdc_acm_reset_port
                0x0000000000005c10       0x3c zephyr/libzephyr.a(cdc_acm.c.obj)
 .text.cdc_acm_dev_status_cb.part.0
                0x0000000000005c4c       0x2c zephyr/libzephyr.a(cdc_acm.c.obj)
 .text.cdc_acm_init
                0x0000000000005c78       0x48 zephyr/libzephyr.a(cdc_acm.c.obj)
 .text.cdc_acm_send_notification.isra.0
                0x0000000000005cc0       0x44 zephyr/libzephyr.a(cdc_acm.c.obj)
 .text.cdc_acm_poll_out
                0x0000000000005d04       0x98 zephyr/libzephyr.a(cdc_acm.c.obj)
 .text.tx_work_handler
                0x0000000000005d9c       0x78 zephyr/libzephyr.a(cdc_acm.c.obj)
 .text.cdc_acm_int_in.part.0
                0x0000000000005e14       0x14 zephyr/libzephyr.a(cdc_acm.c.obj)
 .text.cdc_acm_int_in
                0x0000000000005e28       0x24 zephyr/libzephyr.a(cdc_acm.c.obj)
 .text.cdc_acm_class_handle_req
                0x0000000000005e4c       0x78 zephyr/libzephyr.a(cdc_acm.c.obj)
                0x0000000000005e4c                cdc_acm_class_handle_req
 .text.cdc_acm_read_cb
                0x0000000000005ec4       0x90 zephyr/libzephyr.a(cdc_acm.c.obj)
 .text.cdc_acm_dev_status_cb
                0x0000000000005f54       0xdc zephyr/libzephyr.a(cdc_acm.c.obj)
 .text.z_usb_work_q_init
                0x0000000000006030       0x34 zephyr/libzephyr.a(usb_work_q.c.obj)
 .text.ncs_boot_banner
                0x0000000000006064       0x1c zephyr/libzephyr.a(banner.c.obj)
 .text.nrf_cc3xx_platform_abort_init
                0x0000000000006080        0xc zephyr/libzephyr.a(nrf_cc3xx_platform_abort_zephyr.c.obj)
                0x0000000000006080                nrf_cc3xx_platform_abort_init
 .text.mutex_free_platform
                0x000000000000608c       0x54 zephyr/libzephyr.a(nrf_cc3xx_platform_mutex_zephyr.c.obj)
 .text.mutex_lock_platform
                0x00000000000060e0       0x60 zephyr/libzephyr.a(nrf_cc3xx_platform_mutex_zephyr.c.obj)
 .text.mutex_unlock_platform
                0x0000000000006140       0x58 zephyr/libzephyr.a(nrf_cc3xx_platform_mutex_zephyr.c.obj)
 .text.mutex_init_platform
                0x0000000000006198       0x94 zephyr/libzephyr.a(nrf_cc3xx_platform_mutex_zephyr.c.obj)
 .text.nrf_cc3xx_platform_mutex_init
                0x000000000000622c       0x2c zephyr/libzephyr.a(nrf_cc3xx_platform_mutex_zephyr.c.obj)
                0x000000000000622c                nrf_cc3xx_platform_mutex_init
 .text.arch_bss_zero
                0x0000000000006258       0x18 zephyr/arch/common/libarch__common.a(init.c.obj)
                0x0000000000006258                arch_bss_zero
 .text.arch_data_copy
                0x0000000000006270       0x38 zephyr/arch/common/libarch__common.a(xip.c.obj)
                0x0000000000006270                arch_data_copy
 .text.z_arm_fatal_error
                0x00000000000062a8       0xb8 zephyr/arch/arch/arm/core/libarch__arm__core.a(fatal.c.obj)
                0x00000000000062a8                z_arm_fatal_error
 .text.z_SysNmiOnReset
                0x0000000000006360        0x8 zephyr/arch/arch/arm/core/libarch__arm__core.a(nmi_on_reset.S.obj)
                0x0000000000006360                z_SysNmiOnReset
 .text.arch_tls_stack_setup
                0x0000000000006368       0x40 zephyr/arch/arch/arm/core/libarch__arm__core.a(tls.c.obj)
                0x0000000000006368                arch_tls_stack_setup
 .text._HandlerModeExit
                0x00000000000063a8       0x20 zephyr/arch/arch/arm/core/cortex_m/libarch__arm__core__cortex_m.a(exc_exit.c.obj)
                0x00000000000063a8                z_arm_int_exit
                0x00000000000063a8                z_arm_exc_exit
 .text.bus_fault.constprop.0
                0x00000000000063c8       0xd0 zephyr/arch/arch/arm/core/cortex_m/libarch__arm__core__cortex_m.a(fault.c.obj)
 .text.usage_fault.constprop.0
                0x0000000000006498       0xa8 zephyr/arch/arch/arm/core/cortex_m/libarch__arm__core__cortex_m.a(fault.c.obj)
 .text.mem_manage_fault
                0x0000000000006540      0x128 zephyr/arch/arch/arm/core/cortex_m/libarch__arm__core__cortex_m.a(fault.c.obj)
 .text.z_arm_fault
                0x0000000000006668      0x20c zephyr/arch/arch/arm/core/cortex_m/libarch__arm__core__cortex_m.a(fault.c.obj)
                0x0000000000006668                z_arm_fault
 .text.z_arm_fault_init
                0x0000000000006874       0x18 zephyr/arch/arch/arm/core/cortex_m/libarch__arm__core__cortex_m.a(fault.c.obj)
                0x0000000000006874                z_arm_fault_init
 .text.__fault  0x000000000000688c       0x14 zephyr/arch/arch/arm/core/cortex_m/libarch__arm__core__cortex_m.a(fault_s.S.obj)
                0x000000000000688c                z_arm_usage_fault
                0x000000000000688c                z_arm_mpu_fault
                0x000000000000688c                z_arm_exc_spurious
                0x000000000000688c                z_arm_debug_monitor
                0x000000000000688c                z_arm_hard_fault
                0x000000000000688c                z_arm_bus_fault
 .text._reset_section
                0x00000000000068a0       0x54 zephyr/arch/arch/arm/core/cortex_m/libarch__arm__core__cortex_m.a(reset.S.obj)
                0x00000000000068a0                __start
                0x00000000000068a0                z_arm_reset
 .text.z_arm_clear_arm_mpu_config
                0x00000000000068f4       0x24 zephyr/arch/arch/arm/core/cortex_m/libarch__arm__core__cortex_m.a(scb.c.obj)
                0x00000000000068f4                z_arm_clear_arm_mpu_config
 .text.z_arm_init_arch_hw_at_boot
                0x0000000000006918       0x64 zephyr/arch/arch/arm/core/cortex_m/libarch__arm__core__cortex_m.a(scb.c.obj)
                0x0000000000006918                z_arm_init_arch_hw_at_boot
 .text.z_impl_k_thread_abort
                0x000000000000697c       0x2c zephyr/arch/arch/arm/core/cortex_m/libarch__arm__core__cortex_m.a(thread_abort.c.obj)
                0x000000000000697c                z_impl_k_thread_abort
 .text.z_arm_pendsv
                0x00000000000069a8       0x60 zephyr/arch/arch/arm/core/cortex_m/libarch__arm__core__cortex_m.a(swap_helper.S.obj)
                0x00000000000069a8                z_arm_pendsv
 .text.z_arm_svc
                0x0000000000006a08       0x24 zephyr/arch/arch/arm/core/cortex_m/libarch__arm__core__cortex_m.a(swap_helper.S.obj)
                0x0000000000006a08                z_arm_svc
 .text.arm_irq_enable
                0x0000000000006a2c       0x1c zephyr/arch/arch/arm/core/cortex_m/libarch__arm__core__cortex_m.a(irq_manage.c.obj)
                0x0000000000006a2c                arm_irq_enable
 .text.arm_irq_disable
                0x0000000000006a48       0x28 zephyr/arch/arch/arm/core/cortex_m/libarch__arm__core__cortex_m.a(irq_manage.c.obj)
                0x0000000000006a48                arm_irq_disable
 .text.arm_irq_is_enabled
                0x0000000000006a70       0x1c zephyr/arch/arch/arm/core/cortex_m/libarch__arm__core__cortex_m.a(irq_manage.c.obj)
                0x0000000000006a70                arm_irq_is_enabled
 .text.arm_irq_priority_set
                0x0000000000006a8c       0x4c zephyr/arch/arch/arm/core/cortex_m/libarch__arm__core__cortex_m.a(irq_manage.c.obj)
                0x0000000000006a8c                arm_irq_priority_set
 .text.relocate_vector_table
                0x0000000000006ad8       0x1c zephyr/arch/arch/arm/core/cortex_m/libarch__arm__core__cortex_m.a(prep_c.c.obj)
                0x0000000000006ad8                relocate_vector_table
 .text.z_prep_c
                0x0000000000006af4       0x28 zephyr/arch/arch/arm/core/cortex_m/libarch__arm__core__cortex_m.a(prep_c.c.obj)
                0x0000000000006af4                z_prep_c
 .text.arch_new_thread
                0x0000000000006b1c       0x38 zephyr/arch/arch/arm/core/cortex_m/libarch__arm__core__cortex_m.a(thread.c.obj)
                0x0000000000006b1c                arch_new_thread
 .text.z_check_thread_stack_fail
                0x0000000000006b54       0x2c zephyr/arch/arch/arm/core/cortex_m/libarch__arm__core__cortex_m.a(thread.c.obj)
                0x0000000000006b54                z_check_thread_stack_fail
 .text.arch_switch_to_main_thread
                0x0000000000006b80       0x3c zephyr/arch/arch/arm/core/cortex_m/libarch__arm__core__cortex_m.a(thread.c.obj)
                0x0000000000006b80                arch_switch_to_main_thread
 .text.z_arm_cpu_idle_init
                0x0000000000006bbc        0xc zephyr/arch/arch/arm/core/cortex_m/libarch__arm__core__cortex_m.a(cpu_idle.c.obj)
                0x0000000000006bbc                z_arm_cpu_idle_init
 .text.z_arm_interrupt_init
                0x0000000000006bc8       0x18 zephyr/arch/arch/arm/core/cortex_m/libarch__arm__core__cortex_m.a(irq_init.c.obj)
                0x0000000000006bc8                z_arm_interrupt_init
 .text._isr_wrapper
                0x0000000000006be0       0x24 zephyr/arch/arch/arm/core/cortex_m/libarch__arm__core__cortex_m.a(isr_wrapper.c.obj)
                0x0000000000006be0                _isr_wrapper
 .text.z_arm_configure_static_mpu_regions
                0x0000000000006c04       0x18 zephyr/arch/arch/arm/core/mpu/libarch__arm__core__mpu.a(arm_core_mpu.c.obj)
                0x0000000000006c04                z_arm_configure_static_mpu_regions
 .text.z_arm_configure_dynamic_mpu_regions
                0x0000000000006c1c       0x20 zephyr/arch/arch/arm/core/mpu/libarch__arm__core__mpu.a(arm_core_mpu.c.obj)
                0x0000000000006c1c                z_arm_configure_dynamic_mpu_regions
 .text.region_allocate_and_init
                0x0000000000006c3c       0x54 zephyr/arch/arch/arm/core/mpu/libarch__arm__core__mpu.a(arm_mpu.c.obj)
 .text.mpu_configure_regions
                0x0000000000006c90       0x68 zephyr/arch/arch/arm/core/mpu/libarch__arm__core__mpu.a(arm_mpu.c.obj)
 .text.arm_core_mpu_enable
                0x0000000000006cf8       0x18 zephyr/arch/arch/arm/core/mpu/libarch__arm__core__mpu.a(arm_mpu.c.obj)
                0x0000000000006cf8                arm_core_mpu_enable
 .text.arm_core_mpu_disable
                0x0000000000006d10       0x14 zephyr/arch/arch/arm/core/mpu/libarch__arm__core__mpu.a(arm_mpu.c.obj)
                0x0000000000006d10                arm_core_mpu_disable
 .text.arm_core_mpu_configure_static_mpu_regions
                0x0000000000006d24       0x38 zephyr/arch/arch/arm/core/mpu/libarch__arm__core__mpu.a(arm_mpu.c.obj)
                0x0000000000006d24                arm_core_mpu_configure_static_mpu_regions
 .text.arm_core_mpu_configure_dynamic_mpu_regions
                0x0000000000006d5c       0x58 zephyr/arch/arch/arm/core/mpu/libarch__arm__core__mpu.a(arm_mpu.c.obj)
                0x0000000000006d5c                arm_core_mpu_configure_dynamic_mpu_regions
 .text.z_arm_mpu_init
                0x0000000000006db4      0x208 zephyr/arch/arch/arm/core/mpu/libarch__arm__core__mpu.a(arm_mpu.c.obj)
                0x0000000000006db4                z_arm_mpu_init
 .text.cbvprintf
                0x0000000000006fbc       0x38 zephyr/lib/libc/picolibc/liblib__libc__picolibc.a(cbprintf.c.obj)
                0x0000000000006fbc                cbvprintf
 .text.malloc_prepare
                0x0000000000006ff4       0x24 zephyr/lib/libc/common/liblib__libc__common.a(malloc.c.obj)
 .text.nordicsemi_nrf52_init
                0x0000000000007018       0x44 zephyr/soc/soc/nrf52840/libsoc__nordic.a(soc.c.obj)
 .text.arch_busy_wait
                0x000000000000705c       0x24 zephyr/soc/soc/nrf52840/libsoc__nordic.a(soc.c.obj)
                0x000000000000705c                arch_busy_wait
 .text.gppi_init
                0x0000000000007080       0x1c zephyr/soc/soc/nrf52840/libsoc__nordic.a(gppi_init.c.obj)
 .text.board_early_init_hook
                0x000000000000709c       0x78 zephyr/boards/nordic/nrf52840dongle/libboards__nordic__nrf52840dongle.a(board.c.obj)
                0x000000000000709c                board_early_init_hook
 .text.endpoint_ctx
                0x0000000000007114       0x60 zephyr/drivers/usb/device/libdrivers__usb__device.a(usb_dc_nrfx.c.obj)
 .text.usbd_work_schedule
                0x0000000000007174       0x10 zephyr/drivers/usb/device/libdrivers__usb__device.a(usb_dc_nrfx.c.obj)
 .text.usbd_evt_put
                0x0000000000007184        0xc zephyr/drivers/usb/device/libdrivers__usb__device.a(usb_dc_nrfx.c.obj)
 .text.usbd_evt_alloc.part.0
                0x0000000000007190       0x34 zephyr/drivers/usb/device/libdrivers__usb__device.a(usb_dc_nrfx.c.obj)
 .text.hfxo_stop.constprop.0
                0x00000000000071c4       0x48 zephyr/drivers/usb/device/libdrivers__usb__device.a(usb_dc_nrfx.c.obj)
 .text.usbd_evt_get
                0x000000000000720c       0x10 zephyr/drivers/usb/device/libdrivers__usb__device.a(usb_dc_nrfx.c.obj)
 .text.usb_init
                0x000000000000721c       0x68 zephyr/drivers/usb/device/libdrivers__usb__device.a(usb_dc_nrfx.c.obj)
 .text.eps_ctx_init
                0x0000000000007284       0x9c zephyr/drivers/usb/device/libdrivers__usb__device.a(usb_dc_nrfx.c.obj)
 .text.usbd_evt_flush
                0x0000000000007320       0x1c zephyr/drivers/usb/device/libdrivers__usb__device.a(usb_dc_nrfx.c.obj)
 .text.usbd_evt_alloc
                0x000000000000733c       0x5c zephyr/drivers/usb/device/libdrivers__usb__device.a(usb_dc_nrfx.c.obj)
 .text.usb_dc_power_event_handler.part.0
                0x0000000000007398       0x14 zephyr/drivers/usb/device/libdrivers__usb__device.a(usb_dc_nrfx.c.obj)
 .text.usb_dc_power_event_handler
                0x00000000000073ac       0x3c zephyr/drivers/usb/device/libdrivers__usb__device.a(usb_dc_nrfx.c.obj)
 .text.usbd_work_handler
                0x00000000000073e8      0x3f8 zephyr/drivers/usb/device/libdrivers__usb__device.a(usb_dc_nrfx.c.obj)
 .text.usbd_event_transfer_data
                0x00000000000077e0       0xc8 zephyr/drivers/usb/device/libdrivers__usb__device.a(usb_dc_nrfx.c.obj)
 .text.usbd_event_handler
                0x00000000000078a8      0x168 zephyr/drivers/usb/device/libdrivers__usb__device.a(usb_dc_nrfx.c.obj)
 .text.usb_dc_attach
                0x0000000000007a10       0x64 zephyr/drivers/usb/device/libdrivers__usb__device.a(usb_dc_nrfx.c.obj)
                0x0000000000007a10                usb_dc_attach
 .text.usb_dc_set_address
                0x0000000000007a74       0x4c zephyr/drivers/usb/device/libdrivers__usb__device.a(usb_dc_nrfx.c.obj)
                0x0000000000007a74                usb_dc_set_address
 .text.usb_dc_ep_check_cap
                0x0000000000007ac0       0x58 zephyr/drivers/usb/device/libdrivers__usb__device.a(usb_dc_nrfx.c.obj)
                0x0000000000007ac0                usb_dc_ep_check_cap
 .text.usb_dc_ep_configure
                0x0000000000007b18       0x5c zephyr/drivers/usb/device/libdrivers__usb__device.a(usb_dc_nrfx.c.obj)
                0x0000000000007b18                usb_dc_ep_configure
 .text.usb_dc_ep_set_stall
                0x0000000000007b74       0x64 zephyr/drivers/usb/device/libdrivers__usb__device.a(usb_dc_nrfx.c.obj)
                0x0000000000007b74                usb_dc_ep_set_stall
 .text.usb_dc_ep_clear_stall
                0x0000000000007bd8       0x40 zephyr/drivers/usb/device/libdrivers__usb__device.a(usb_dc_nrfx.c.obj)
                0x0000000000007bd8                usb_dc_ep_clear_stall
 .text.usb_dc_ep_is_stalled
                0x0000000000007c18       0x38 zephyr/drivers/usb/device/libdrivers__usb__device.a(usb_dc_nrfx.c.obj)
                0x0000000000007c18                usb_dc_ep_is_stalled
 .text.usb_dc_ep_enable
                0x0000000000007c50       0x54 zephyr/drivers/usb/device/libdrivers__usb__device.a(usb_dc_nrfx.c.obj)
                0x0000000000007c50                usb_dc_ep_enable
 .text.usb_dc_ep_write
                0x0000000000007ca4      0x110 zephyr/drivers/usb/device/libdrivers__usb__device.a(usb_dc_nrfx.c.obj)
                0x0000000000007ca4                usb_dc_ep_write
 .text.usb_dc_ep_read_wait
                0x0000000000007db4       0xac zephyr/drivers/usb/device/libdrivers__usb__device.a(usb_dc_nrfx.c.obj)
                0x0000000000007db4                usb_dc_ep_read_wait
 .text.usb_dc_ep_read_continue
                0x0000000000007e60       0x9c zephyr/drivers/usb/device/libdrivers__usb__device.a(usb_dc_nrfx.c.obj)
                0x0000000000007e60                usb_dc_ep_read_continue
 .text.usb_dc_ep_set_callback
                0x0000000000007efc       0x28 zephyr/drivers/usb/device/libdrivers__usb__device.a(usb_dc_nrfx.c.obj)
                0x0000000000007efc                usb_dc_ep_set_callback
 .text.usb_dc_set_status_callback
                0x0000000000007f24        0xc zephyr/drivers/usb/device/libdrivers__usb__device.a(usb_dc_nrfx.c.obj)
                0x0000000000007f24                usb_dc_set_status_callback
 .text.usb_dc_ep_mps
                0x0000000000007f30       0x24 zephyr/drivers/usb/device/libdrivers__usb__device.a(usb_dc_nrfx.c.obj)
                0x0000000000007f30                usb_dc_ep_mps
 .text.nrf52_errata_187
                0x0000000000007f54       0x28 zephyr/drivers/usb/common/nrf_usbd_common/libdrivers__usb__common__nrf_usbd_common.a(nrf_usbd_common.c.obj)
 .text.usbd_errata_187_211_begin
                0x0000000000007f7c       0x3c zephyr/drivers/usb/common/nrf_usbd_common/libdrivers__usb__common__nrf_usbd_common.a(nrf_usbd_common.c.obj)
 .text.usbd_errata_187_211_end
                0x0000000000007fb8       0x3c zephyr/drivers/usb/common/nrf_usbd_common/libdrivers__usb__common__nrf_usbd_common.a(nrf_usbd_common.c.obj)
 .text.ep_state_access
                0x0000000000007ff4       0x44 zephyr/drivers/usb/common/nrf_usbd_common/libdrivers__usb__common__nrf_usbd_common.a(nrf_usbd_common.c.obj)
 .text.ep2bit   0x0000000000008038       0x34 zephyr/drivers/usb/common/nrf_usbd_common/libdrivers__usb__common__nrf_usbd_common.a(nrf_usbd_common.c.obj)
 .text.usbd_dma_pending_clear
                0x000000000000806c       0x1c zephyr/drivers/usb/common/nrf_usbd_common/libdrivers__usb__common__nrf_usbd_common.a(nrf_usbd_common.c.obj)
 .text.nrf_usbd_common_uninit
                0x0000000000008088       0x3c zephyr/drivers/usb/common/nrf_usbd_common/libdrivers__usb__common__nrf_usbd_common.a(nrf_usbd_common.c.obj)
                0x0000000000008088                nrf_usbd_common_uninit
 .text.nrf_usbd_common_enable
                0x00000000000080c4      0x188 zephyr/drivers/usb/common/nrf_usbd_common/libdrivers__usb__common__nrf_usbd_common.a(nrf_usbd_common.c.obj)
                0x00000000000080c4                nrf_usbd_common_enable
 .text.nrf_usbd_common_start
                0x000000000000824c       0x60 zephyr/drivers/usb/common/nrf_usbd_common/libdrivers__usb__common__nrf_usbd_common.a(nrf_usbd_common.c.obj)
                0x000000000000824c                nrf_usbd_common_start
 .text.nrf_usbd_common_is_enabled
                0x00000000000082ac       0x14 zephyr/drivers/usb/common/nrf_usbd_common/libdrivers__usb__common__nrf_usbd_common.a(nrf_usbd_common.c.obj)
                0x00000000000082ac                nrf_usbd_common_is_enabled
 .text.nrf_usbd_common_suspend
                0x00000000000082c0       0x6c zephyr/drivers/usb/common/nrf_usbd_common/libdrivers__usb__common__nrf_usbd_common.a(nrf_usbd_common.c.obj)
                0x00000000000082c0                nrf_usbd_common_suspend
 .text.nrf_usbd_common_ep_max_packet_size_set
                0x000000000000832c       0x8c zephyr/drivers/usb/common/nrf_usbd_common/libdrivers__usb__common__nrf_usbd_common.a(nrf_usbd_common.c.obj)
                0x000000000000832c                nrf_usbd_common_ep_max_packet_size_set
 .text.nrf_usbd_common_init
                0x00000000000083b8       0x9c zephyr/drivers/usb/common/nrf_usbd_common/libdrivers__usb__common__nrf_usbd_common.a(nrf_usbd_common.c.obj)
                0x00000000000083b8                nrf_usbd_common_init
 .text.nrf_usbd_common_ep_enable_check
                0x0000000000008454       0x4c zephyr/drivers/usb/common/nrf_usbd_common/libdrivers__usb__common__nrf_usbd_common.a(nrf_usbd_common.c.obj)
                0x0000000000008454                nrf_usbd_common_ep_enable_check
 .text.nrf_usbd_common_ep_transfer
                0x00000000000084a0       0xd8 zephyr/drivers/usb/common/nrf_usbd_common/libdrivers__usb__common__nrf_usbd_common.a(nrf_usbd_common.c.obj)
                0x00000000000084a0                nrf_usbd_common_ep_transfer
 .text.nrf_usbd_common_epout_size_get
                0x0000000000008578       0x28 zephyr/drivers/usb/common/nrf_usbd_common/libdrivers__usb__common__nrf_usbd_common.a(nrf_usbd_common.c.obj)
                0x0000000000008578                nrf_usbd_common_epout_size_get
 .text.nrf_usbd_common_irq_handler
                0x00000000000085a0      0x59c zephyr/drivers/usb/common/nrf_usbd_common/libdrivers__usb__common__nrf_usbd_common.a(nrf_usbd_common.c.obj)
                0x00000000000085a0                nrf_usbd_common_irq_handler
 .text.nrf_usbd_common_ep_stall
                0x0000000000008b3c       0x34 zephyr/drivers/usb/common/nrf_usbd_common/libdrivers__usb__common__nrf_usbd_common.a(nrf_usbd_common.c.obj)
                0x0000000000008b3c                nrf_usbd_common_ep_stall
 .text.nrf_usbd_common_ep_stall_check
                0x0000000000008b70       0x34 zephyr/drivers/usb/common/nrf_usbd_common/libdrivers__usb__common__nrf_usbd_common.a(nrf_usbd_common.c.obj)
                0x0000000000008b70                nrf_usbd_common_ep_stall_check
 .text.nrf_usbd_common_ep_dtoggle_clear
                0x0000000000008ba4       0x38 zephyr/drivers/usb/common/nrf_usbd_common/libdrivers__usb__common__nrf_usbd_common.a(nrf_usbd_common.c.obj)
                0x0000000000008ba4                nrf_usbd_common_ep_dtoggle_clear
 .text.nrf_usbd_common_setup_get
                0x0000000000008bdc       0x44 zephyr/drivers/usb/common/nrf_usbd_common/libdrivers__usb__common__nrf_usbd_common.a(nrf_usbd_common.c.obj)
                0x0000000000008bdc                nrf_usbd_common_setup_get
 .text.nrf_usbd_common_setup_data_clear
                0x0000000000008c20        0xc zephyr/drivers/usb/common/nrf_usbd_common/libdrivers__usb__common__nrf_usbd_common.a(nrf_usbd_common.c.obj)
                0x0000000000008c20                nrf_usbd_common_setup_data_clear
 .text.nrf_usbd_common_setup_clear
                0x0000000000008c2c        0xc zephyr/drivers/usb/common/nrf_usbd_common/libdrivers__usb__common__nrf_usbd_common.a(nrf_usbd_common.c.obj)
                0x0000000000008c2c                nrf_usbd_common_setup_clear
 .text.nrf_usbd_common_setup_stall
                0x0000000000008c38        0xc zephyr/drivers/usb/common/nrf_usbd_common/libdrivers__usb__common__nrf_usbd_common.a(nrf_usbd_common.c.obj)
                0x0000000000008c38                nrf_usbd_common_setup_stall
 .text.nrf_usbd_common_last_setup_dir_get
                0x0000000000008c44        0xc zephyr/drivers/usb/common/nrf_usbd_common/libdrivers__usb__common__nrf_usbd_common.a(nrf_usbd_common.c.obj)
                0x0000000000008c44                nrf_usbd_common_last_setup_dir_get
 .text.nrf_usbd_common_transfer_out_drop
                0x0000000000008c50       0x70 zephyr/drivers/usb/common/nrf_usbd_common/libdrivers__usb__common__nrf_usbd_common.a(nrf_usbd_common.c.obj)
                0x0000000000008c50                nrf_usbd_common_transfer_out_drop
 .text.usbd_ep_abort
                0x0000000000008cc0      0x134 zephyr/drivers/usb/common/nrf_usbd_common/libdrivers__usb__common__nrf_usbd_common.a(nrf_usbd_common.c.obj)
 .text.nrf_usbd_common_ep_abort
                0x0000000000008df4       0x34 zephyr/drivers/usb/common/nrf_usbd_common/libdrivers__usb__common__nrf_usbd_common.a(nrf_usbd_common.c.obj)
                0x0000000000008df4                nrf_usbd_common_ep_abort
 .text.nrf_usbd_common_disable
                0x0000000000008e28      0x114 zephyr/drivers/usb/common/nrf_usbd_common/libdrivers__usb__common__nrf_usbd_common.a(nrf_usbd_common.c.obj)
                0x0000000000008e28                nrf_usbd_common_disable
 .text.nrf_usbd_common_ep_disable
                0x0000000000008f3c       0x60 zephyr/drivers/usb/common/nrf_usbd_common/libdrivers__usb__common__nrf_usbd_common.a(nrf_usbd_common.c.obj)
                0x0000000000008f3c                nrf_usbd_common_ep_disable
 .text.nrf_usbd_common_ep_enable
                0x0000000000008f9c       0x70 zephyr/drivers/usb/common/nrf_usbd_common/libdrivers__usb__common__nrf_usbd_common.a(nrf_usbd_common.c.obj)
                0x0000000000008f9c                nrf_usbd_common_ep_enable
 .text.nrf_usbd_common_ep_stall_clear
                0x000000000000900c       0x44 zephyr/drivers/usb/common/nrf_usbd_common/libdrivers__usb__common__nrf_usbd_common.a(nrf_usbd_common.c.obj)
                0x000000000000900c                nrf_usbd_common_ep_stall_clear
 .text.onoff_start
                0x0000000000009050       0x3c zephyr/drivers/clock_control/libdrivers__clock_control.a(clock_control_nrf.c.obj)
 .text.get_status
                0x000000000000908c       0x34 zephyr/drivers/clock_control/libdrivers__clock_control.a(clock_control_nrf.c.obj)
 .text.stop     0x00000000000090c0       0x74 zephyr/drivers/clock_control/libdrivers__clock_control.a(clock_control_nrf.c.obj)
 .text.onoff_stop
                0x0000000000009134       0x28 zephyr/drivers/clock_control/libdrivers__clock_control.a(clock_control_nrf.c.obj)
 .text.clk_init
                0x000000000000915c       0x58 zephyr/drivers/clock_control/libdrivers__clock_control.a(clock_control_nrf.c.obj)
 .text.api_blocking_start
                0x00000000000091b4       0x34 zephyr/drivers/clock_control/libdrivers__clock_control.a(clock_control_nrf.c.obj)
 .text.generic_hfclk_stop
                0x00000000000091e8       0x34 zephyr/drivers/clock_control/libdrivers__clock_control.a(clock_control_nrf.c.obj)
 .text.clkstarted_handle.constprop.0
                0x000000000000921c       0x4c zephyr/drivers/clock_control/libdrivers__clock_control.a(clock_control_nrf.c.obj)
 .text.clock_event_handler
                0x0000000000009268       0x54 zephyr/drivers/clock_control/libdrivers__clock_control.a(clock_control_nrf.c.obj)
 .text.generic_hfclk_start
                0x00000000000092bc       0x78 zephyr/drivers/clock_control/libdrivers__clock_control.a(clock_control_nrf.c.obj)
 .text.z_nrf_clock_control_get_onoff
                0x0000000000009334       0x10 zephyr/drivers/clock_control/libdrivers__clock_control.a(clock_control_nrf.c.obj)
                0x0000000000009334                z_nrf_clock_control_get_onoff
 .text.z_nrf_clock_control_lf_on
                0x0000000000009344      0x130 zephyr/drivers/clock_control/libdrivers__clock_control.a(clock_control_nrf.c.obj)
                0x0000000000009344                z_nrf_clock_control_lf_on
 .text.gpio_nrfx_manage_callback
                0x0000000000009474       0x80 zephyr/drivers/gpio/libdrivers__gpio.a(gpio_nrfx.c.obj)
 .text.nrf_gpio_pin_port_decode
                0x00000000000094f4       0x54 zephyr/drivers/gpio/libdrivers__gpio.a(gpio_nrfx.c.obj)
 .text.gpio_nrfx_pin_interrupt_configure
                0x0000000000009548      0x108 zephyr/drivers/gpio/libdrivers__gpio.a(gpio_nrfx.c.obj)
 .text.gpio_nrfx_pin_configure
                0x0000000000009650      0x188 zephyr/drivers/gpio/libdrivers__gpio.a(gpio_nrfx.c.obj)
 .text.nrfx_gpio_handler
                0x00000000000097d8       0x68 zephyr/drivers/gpio/libdrivers__gpio.a(gpio_nrfx.c.obj)
 .text.gpio_nrfx_init
                0x0000000000009840       0x3c zephyr/drivers/gpio/libdrivers__gpio.a(gpio_nrfx.c.obj)
 .text.sys_clock_timeout_handler
                0x000000000000987c       0x48 zephyr/drivers/timer/libdrivers__timer.a(nrf_rtc_timer.c.obj)
 .text.z_nrf_rtc_timer_read
                0x00000000000098c4       0x44 zephyr/drivers/timer/libdrivers__timer.a(nrf_rtc_timer.c.obj)
                0x00000000000098c4                z_nrf_rtc_timer_read
 .text.rtc_nrf_isr
                0x0000000000009908       0xd4 zephyr/drivers/timer/libdrivers__timer.a(nrf_rtc_timer.c.obj)
                0x0000000000009908                rtc_nrf_isr
 .text.compare_set.constprop.0.isra.0
                0x00000000000099dc      0x154 zephyr/drivers/timer/libdrivers__timer.a(nrf_rtc_timer.c.obj)
 .text.sys_clock_driver_init
                0x0000000000009b30       0x80 zephyr/drivers/timer/libdrivers__timer.a(nrf_rtc_timer.c.obj)
 .text.sys_clock_set_timeout
                0x0000000000009bb0       0x4c zephyr/drivers/timer/libdrivers__timer.a(nrf_rtc_timer.c.obj)
                0x0000000000009bb0                sys_clock_set_timeout
 .text.sys_clock_elapsed
                0x0000000000009bfc       0x14 zephyr/drivers/timer/libdrivers__timer.a(nrf_rtc_timer.c.obj)
                0x0000000000009bfc                sys_clock_elapsed
 .text.__NVIC_SystemReset
                0x0000000000009c10       0x24 modules/hal_nordic/modules/hal_nordic/nrfx/libnrfx.a(system_nrf52840.c.obj)
 .text.nrf52_errata_98
                0x0000000000009c34       0x24 modules/hal_nordic/modules/hal_nordic/nrfx/libnrfx.a(system_nrf52840.c.obj)
 .text.nvmc_wait
                0x0000000000009c58       0x10 modules/hal_nordic/modules/hal_nordic/nrfx/libnrfx.a(system_nrf52840.c.obj)
                0x0000000000009c58                nvmc_wait
 .text.SystemInit
                0x0000000000009c68      0x1c8 modules/hal_nordic/modules/hal_nordic/nrfx/libnrfx.a(system_nrf52840.c.obj)
                0x0000000000009c68                SystemInit
 .text.nrfx_gppi_init
                0x0000000000009e30        0xc modules/hal_nordic/modules/hal_nordic/nrfx/libnrfx.a(nrfx_gppi_ppi.c.obj)
                0x0000000000009e30                nrfx_gppi_init
 .text.nrfx_gppi_domain_conn_alloc
                0x0000000000009e3c       0x38 modules/hal_nordic/modules/hal_nordic/nrfx/libnrfx.a(nrfx_gppi_ppi.c.obj)
                0x0000000000009e3c                nrfx_gppi_domain_conn_alloc
 .text.nrfx_gppi_ep_channel_get
                0x0000000000009e74       0x58 modules/hal_nordic/modules/hal_nordic/nrfx/libnrfx.a(nrfx_gppi_ppi.c.obj)
                0x0000000000009e74                nrfx_gppi_ep_channel_get
 .text.nrfx_gppi_ep_ch_clear
                0x0000000000009ecc       0x3c modules/hal_nordic/modules/hal_nordic/nrfx/libnrfx.a(nrfx_gppi_ppi.c.obj)
                0x0000000000009ecc                nrfx_gppi_ep_ch_clear
 .text.nrfx_gppi_conn_enable
                0x0000000000009f08       0x10 modules/hal_nordic/modules/hal_nordic/nrfx/libnrfx.a(nrfx_gppi_ppi.c.obj)
                0x0000000000009f08                nrfx_gppi_conn_enable
 .text.nrfx_gppi_conn_disable
                0x0000000000009f18       0x10 modules/hal_nordic/modules/hal_nordic/nrfx/libnrfx.a(nrfx_gppi_ppi.c.obj)
                0x0000000000009f18                nrfx_gppi_conn_disable
 .text.hfclk_event_handler
                0x0000000000009f28        0xc modules/hal_nordic/modules/hal_nordic/nrfx/libnrfx.a(nrfx_clock.c.obj)
 .text.lfclk_event_handler
                0x0000000000009f34        0xc modules/hal_nordic/modules/hal_nordic/nrfx/libnrfx.a(nrfx_clock.c.obj)
 .text.nrfx_clock_init
                0x0000000000009f40       0x40 modules/hal_nordic/modules/hal_nordic/nrfx/libnrfx.a(nrfx_clock.c.obj)
                0x0000000000009f40                nrfx_clock_init
 .text.nrfx_clock_enable
                0x0000000000009f80       0x44 modules/hal_nordic/modules/hal_nordic/nrfx/libnrfx.a(nrfx_clock.c.obj)
                0x0000000000009f80                nrfx_clock_enable
 .text.nrfx_clock_start
                0x0000000000009fc4       0x54 modules/hal_nordic/modules/hal_nordic/nrfx/libnrfx.a(nrfx_clock.c.obj)
                0x0000000000009fc4                nrfx_clock_start
 .text.nrfx_clock_stop
                0x000000000000a018       0x54 modules/hal_nordic/modules/hal_nordic/nrfx/libnrfx.a(nrfx_clock.c.obj)
                0x000000000000a018                nrfx_clock_stop
 .text.nrf52_errata_201
                0x000000000000a06c       0x24 modules/hal_nordic/modules/hal_nordic/nrfx/libnrfx.a(nrfx_clock_hfclk.c.obj)
 .text.clock_stop
                0x000000000000a090       0x4c modules/hal_nordic/modules/hal_nordic/nrfx/libnrfx.a(nrfx_clock_hfclk.c.obj)
 .text.nrfx_clock_hfclk_init
                0x000000000000a0dc       0x28 modules/hal_nordic/modules/hal_nordic/nrfx/libnrfx.a(nrfx_clock_hfclk.c.obj)
                0x000000000000a0dc                nrfx_clock_hfclk_init
 .text.nrfx_clock_hfclk_start
                0x000000000000a104       0x58 modules/hal_nordic/modules/hal_nordic/nrfx/libnrfx.a(nrfx_clock_hfclk.c.obj)
                0x000000000000a104                nrfx_clock_hfclk_start
 .text.nrfx_clock_hfclk_stop
                0x000000000000a15c       0x30 modules/hal_nordic/modules/hal_nordic/nrfx/libnrfx.a(nrfx_clock_hfclk.c.obj)
                0x000000000000a15c                nrfx_clock_hfclk_stop
 .text.nrfx_clock_hfclk_irq_handler
                0x000000000000a18c       0x40 modules/hal_nordic/modules/hal_nordic/nrfx/libnrfx.a(nrfx_clock_hfclk.c.obj)
                0x000000000000a18c                nrfx_clock_hfclk_irq_handler
 .text.nrfx_clock_lfclk_init
                0x000000000000a1cc       0x24 modules/hal_nordic/modules/hal_nordic/nrfx/libnrfx.a(nrfx_clock_lfclk.c.obj)
                0x000000000000a1cc                nrfx_clock_lfclk_init
 .text.nrfx_clock_lfclk_start
                0x000000000000a1f0       0x9c modules/hal_nordic/modules/hal_nordic/nrfx/libnrfx.a(nrfx_clock_lfclk.c.obj)
                0x000000000000a1f0                nrfx_clock_lfclk_start
 .text.nrfx_clock_lfclk_stop
                0x000000000000a28c       0x34 modules/hal_nordic/modules/hal_nordic/nrfx/libnrfx.a(nrfx_clock_lfclk.c.obj)
                0x000000000000a28c                nrfx_clock_lfclk_stop
 .text.nrfx_clock_lfclk_irq_handler
                0x000000000000a2c0       0x8c modules/hal_nordic/modules/hal_nordic/nrfx/libnrfx.a(nrfx_clock_lfclk.c.obj)
                0x000000000000a2c0                nrfx_clock_lfclk_irq_handler
 .text.get_pin_idx
                0x000000000000a34c       0x14 modules/hal_nordic/modules/hal_nordic/nrfx/libnrfx.a(nrfx_gpiote.c.obj)
 .text.release_handler
                0x000000000000a360       0x70 modules/hal_nordic/modules/hal_nordic/nrfx/libnrfx.a(nrfx_gpiote.c.obj)
 .text.nrf_gpio_pin_port_decode
                0x000000000000a3d0       0x5c modules/hal_nordic/modules/hal_nordic/nrfx/libnrfx.a(nrfx_gpiote.c.obj)
 .text.nrf_gpiote_in_event_get
                0x000000000000a42c       0x2c modules/hal_nordic/modules/hal_nordic/nrfx/libnrfx.a(nrfx_gpiote.c.obj)
 .text.latch_pending_read_and_check
                0x000000000000a458       0x64 modules/hal_nordic/modules/hal_nordic/nrfx/libnrfx.a(nrfx_gpiote.c.obj)
 .text.pin_uninit
                0x000000000000a4bc       0x7c modules/hal_nordic/modules/hal_nordic/nrfx/libnrfx.a(nrfx_gpiote.c.obj)
 .text.nrfx_gpiote_input_configure
                0x000000000000a538      0x188 modules/hal_nordic/modules/hal_nordic/nrfx/libnrfx.a(nrfx_gpiote.c.obj)
                0x000000000000a538                nrfx_gpiote_input_configure
 .text.nrfx_gpiote_output_configure
                0x000000000000a6c0      0x10c modules/hal_nordic/modules/hal_nordic/nrfx/libnrfx.a(nrfx_gpiote.c.obj)
                0x000000000000a6c0                nrfx_gpiote_output_configure
 .text.nrfx_gpiote_global_callback_set
                0x000000000000a7cc       0x28 modules/hal_nordic/modules/hal_nordic/nrfx/libnrfx.a(nrfx_gpiote.c.obj)
                0x000000000000a7cc                nrfx_gpiote_global_callback_set
 .text.nrfx_gpiote_channel_get
                0x000000000000a7f4       0x5c modules/hal_nordic/modules/hal_nordic/nrfx/libnrfx.a(nrfx_gpiote.c.obj)
                0x000000000000a7f4                nrfx_gpiote_channel_get
 .text.nrfx_gpiote_init
                0x000000000000a850       0x7c modules/hal_nordic/modules/hal_nordic/nrfx/libnrfx.a(nrfx_gpiote.c.obj)
                0x000000000000a850                nrfx_gpiote_init
 .text.nrfx_gpiote_init_check
                0x000000000000a8cc       0x30 modules/hal_nordic/modules/hal_nordic/nrfx/libnrfx.a(nrfx_gpiote.c.obj)
                0x000000000000a8cc                nrfx_gpiote_init_check
 .text.nrfx_gpiote_pin_uninit
                0x000000000000a8fc       0x2c modules/hal_nordic/modules/hal_nordic/nrfx/libnrfx.a(nrfx_gpiote.c.obj)
                0x000000000000a8fc                nrfx_gpiote_pin_uninit
 .text.nrfx_gpiote_channel_free
                0x000000000000a928       0x30 modules/hal_nordic/modules/hal_nordic/nrfx/libnrfx.a(nrfx_gpiote.c.obj)
                0x000000000000a928                nrfx_gpiote_channel_free
 .text.nrfx_gpiote_channel_alloc
                0x000000000000a958       0x38 modules/hal_nordic/modules/hal_nordic/nrfx/libnrfx.a(nrfx_gpiote.c.obj)
                0x000000000000a958                nrfx_gpiote_channel_alloc
 .text.nrfx_gpiote_trigger_enable
                0x000000000000a990       0xf4 modules/hal_nordic/modules/hal_nordic/nrfx/libnrfx.a(nrfx_gpiote.c.obj)
                0x000000000000a990                nrfx_gpiote_trigger_enable
 .text.nrfx_gpiote_trigger_disable
                0x000000000000aa84       0x2c modules/hal_nordic/modules/hal_nordic/nrfx/libnrfx.a(nrfx_gpiote.c.obj)
                0x000000000000aa84                nrfx_gpiote_trigger_disable
 .text.nrfx_gpiote_irq_handler
                0x000000000000aab0      0x1f0 modules/hal_nordic/modules/hal_nordic/nrfx/libnrfx.a(nrfx_gpiote.c.obj)
                0x000000000000aab0                nrfx_gpiote_irq_handler
 .text.nrfx_power_init
                0x000000000000aca0       0x88 modules/hal_nordic/modules/hal_nordic/nrfx/libnrfx.a(nrfx_power.c.obj)
                0x000000000000aca0                nrfx_power_init
 .text.nrfx_power_usbevt_uninit
                0x000000000000ad28       0x18 modules/hal_nordic/modules/hal_nordic/nrfx/libnrfx.a(nrfx_power.c.obj)
                0x000000000000ad28                nrfx_power_usbevt_uninit
 .text.nrfx_power_usbevt_init
                0x000000000000ad40       0x34 modules/hal_nordic/modules/hal_nordic/nrfx/libnrfx.a(nrfx_power.c.obj)
                0x000000000000ad40                nrfx_power_usbevt_init
 .text.nrfx_power_irq_handler
                0x000000000000ad74      0x124 modules/hal_nordic/modules/hal_nordic/nrfx/libnrfx.a(nrfx_power.c.obj)
                0x000000000000ad74                nrfx_power_irq_handler
 .text.timer_configure
                0x000000000000ae98       0x80 modules/hal_nordic/modules/hal_nordic/nrfx/libnrfx.a(nrfx_timer.c.obj)
 .text.nrfx_timer_init
                0x000000000000af18       0x88 modules/hal_nordic/modules/hal_nordic/nrfx/libnrfx.a(nrfx_timer.c.obj)
                0x000000000000af18                nrfx_timer_init
 .text.nrfx_timer_enable
                0x000000000000afa0       0x30 modules/hal_nordic/modules/hal_nordic/nrfx/libnrfx.a(nrfx_timer.c.obj)
                0x000000000000afa0                nrfx_timer_enable
 .text.nrfx_timer_disable
                0x000000000000afd0       0x2c modules/hal_nordic/modules/hal_nordic/nrfx/libnrfx.a(nrfx_timer.c.obj)
                0x000000000000afd0                nrfx_timer_disable
 .text.nrfx_timer_is_enabled
                0x000000000000affc       0x2c modules/hal_nordic/modules/hal_nordic/nrfx/libnrfx.a(nrfx_timer.c.obj)
                0x000000000000affc                nrfx_timer_is_enabled
 .text.nrfx_timer_clear
                0x000000000000b028       0x2c modules/hal_nordic/modules/hal_nordic/nrfx/libnrfx.a(nrfx_timer.c.obj)
                0x000000000000b028                nrfx_timer_clear
 .text.nrfx_timer_us_to_ticks
                0x000000000000b054       0x40 modules/hal_nordic/modules/hal_nordic/nrfx/libnrfx.a(nrfx_timer.c.obj)
                0x000000000000b054                nrfx_timer_us_to_ticks
 .text.nrfx_timer_ms_to_ticks
                0x000000000000b094       0x48 modules/hal_nordic/modules/hal_nordic/nrfx/libnrfx.a(nrfx_timer.c.obj)
                0x000000000000b094                nrfx_timer_ms_to_ticks
 .text.nrfx_timer_compare
                0x000000000000b0dc       0x54 modules/hal_nordic/modules/hal_nordic/nrfx/libnrfx.a(nrfx_timer.c.obj)
                0x000000000000b0dc                nrfx_timer_compare
 .text.nrfx_timer_extended_compare
                0x000000000000b130       0x58 modules/hal_nordic/modules/hal_nordic/nrfx/libnrfx.a(nrfx_timer.c.obj)
                0x000000000000b130                nrfx_timer_extended_compare
 .text.nrfx_timer_irq_handler
                0x000000000000b188       0x60 modules/hal_nordic/modules/hal_nordic/nrfx/libnrfx.a(nrfx_timer.c.obj)
                0x000000000000b188                nrfx_timer_irq_handler
 .text._DoInit  0x000000000000b1e8       0x60 modules/segger/libmodules__segger.a(SEGGER_RTT.c.obj)
 .text.SEGGER_RTT_WriteSkipNoLock
                0x000000000000b248       0x88 modules/segger/libmodules__segger.a(SEGGER_RTT.c.obj)
                0x000000000000b248                SEGGER_RTT_WriteSkipNoLock
 .text.SEGGER_RTT_HasDataUp
                0x000000000000b2d0       0x14 modules/segger/libmodules__segger.a(SEGGER_RTT.c.obj)
                0x000000000000b2d0                SEGGER_RTT_HasDataUp
 .text.SEGGER_RTT_Init
                0x000000000000b2e4       0x2c modules/segger/libmodules__segger.a(SEGGER_RTT.c.obj)
                0x000000000000b2e4                SEGGER_RTT_Init
 .text.do_device_init
                0x000000000000b310       0x48 zephyr/kernel/libkernel.a(device.c.obj)
                0x000000000000b310                do_device_init
 .text.k_sys_fatal_error_handler
                0x000000000000b358       0x20 zephyr/kernel/libkernel.a(fatal.c.obj)
                0x000000000000b358                k_sys_fatal_error_handler
 .text.z_fatal_error
                0x000000000000b378      0x104 zephyr/kernel/libkernel.a(fatal.c.obj)
                0x000000000000b378                z_fatal_error
 .text.z_sys_init_run_level
                0x000000000000b47c       0x30 zephyr/kernel/libkernel.a(init.c.obj)
 .text.bg_thread_main
                0x000000000000b4ac       0xf0 zephyr/kernel/libkernel.a(init.c.obj)
 .text.z_init_cpu
                0x000000000000b59c       0x70 zephyr/kernel/libkernel.a(init.c.obj)
                0x000000000000b59c                z_init_cpu
 .text.z_cstart
                0x000000000000b60c      0x104 zephyr/kernel/libkernel.a(init.c.obj)
                0x000000000000b60c                z_cstart
 .text.init_mem_slab_obj_core_list
                0x000000000000b710       0x40 zephyr/kernel/libkernel.a(mem_slab.c.obj)
 .text.k_mem_slab_alloc
                0x000000000000b750       0xe4 zephyr/kernel/libkernel.a(mem_slab.c.obj)
                0x000000000000b750                k_mem_slab_alloc
 .text.k_mem_slab_free
                0x000000000000b834      0x124 zephyr/kernel/libkernel.a(mem_slab.c.obj)
                0x000000000000b834                k_mem_slab_free
 .text.idle     0x000000000000b958       0x40 zephyr/kernel/libkernel.a(idle.c.obj)
                0x000000000000b958                idle
 .text.z_impl_k_mutex_lock
                0x000000000000b998      0x16c zephyr/kernel/libkernel.a(mutex.c.obj)
                0x000000000000b998                z_impl_k_mutex_lock
 .text.z_impl_k_mutex_unlock
                0x000000000000bb04      0x148 zephyr/kernel/libkernel.a(mutex.c.obj)
                0x000000000000bb04                z_impl_k_mutex_unlock
 .text.unpend_thread_no_timeout
                0x000000000000bc4c       0x3c zephyr/kernel/libkernel.a(queue.c.obj)
 .text.queue_insert
                0x000000000000bc88      0x148 zephyr/kernel/libkernel.a(queue.c.obj)
 .text.z_impl_k_queue_get
                0x000000000000bdd0       0xb0 zephyr/kernel/libkernel.a(queue.c.obj)
                0x000000000000bdd0                z_impl_k_queue_get
 .text.unpend_thread_no_timeout
                0x000000000000be80       0x3c zephyr/kernel/libkernel.a(sem.c.obj)
 .text.z_impl_k_sem_give
                0x000000000000bebc       0xc4 zephyr/kernel/libkernel.a(sem.c.obj)
                0x000000000000bebc                z_impl_k_sem_give
 .text.z_impl_k_sem_take
                0x000000000000bf80       0xc0 zephyr/kernel/libkernel.a(sem.c.obj)
                0x000000000000bf80                z_impl_k_sem_take
 .text.work_queue_main
                0x000000000000c040      0x1e0 zephyr/kernel/libkernel.a(work.c.obj)
 .text.submit_to_queue_locked
                0x000000000000c220       0xd8 zephyr/kernel/libkernel.a(work.c.obj)
 .text.work_timeout
                0x000000000000c2f8       0x84 zephyr/kernel/libkernel.a(work.c.obj)
 .text.k_work_init
                0x000000000000c37c       0x40 zephyr/kernel/libkernel.a(work.c.obj)
                0x000000000000c37c                k_work_init
 .text.z_work_submit_to_queue
                0x000000000000c3bc       0xa4 zephyr/kernel/libkernel.a(work.c.obj)
                0x000000000000c3bc                z_work_submit_to_queue
 .text.k_work_queue_start
                0x000000000000c460       0xcc zephyr/kernel/libkernel.a(work.c.obj)
                0x000000000000c460                k_work_queue_start
 .text.k_work_init_delayable
                0x000000000000c52c       0x4c zephyr/kernel/libkernel.a(work.c.obj)
                0x000000000000c52c                k_work_init_delayable
 .text.k_work_schedule_for_queue
                0x000000000000c578       0xd8 zephyr/kernel/libkernel.a(work.c.obj)
                0x000000000000c578                k_work_schedule_for_queue
 .text.z_setup_new_thread
                0x000000000000c650       0xcc zephyr/kernel/libkernel.a(thread.c.obj)
                0x000000000000c650                z_setup_new_thread
 .text.z_impl_k_thread_create
                0x000000000000c71c       0x7c zephyr/kernel/libkernel.a(thread.c.obj)
                0x000000000000c71c                z_impl_k_thread_create
 .text.z_dummy_thread_init
                0x000000000000c798       0x18 zephyr/kernel/libkernel.a(thread.c.obj)
                0x000000000000c798                z_dummy_thread_init
 .text.ready_thread
                0x000000000000c7b0       0xd0 zephyr/kernel/libkernel.a(sched.c.obj)
 .text.unready_thread
                0x000000000000c880       0xa0 zephyr/kernel/libkernel.a(sched.c.obj)
 .text.unpend_thread_no_timeout
                0x000000000000c920       0x34 zephyr/kernel/libkernel.a(sched.c.obj)
 .text.z_swap_irqlock
                0x000000000000c954       0x54 zephyr/kernel/libkernel.a(sched.c.obj)
 .text.move_current_to_end_of_prio_q
                0x000000000000c9a8       0x70 zephyr/kernel/libkernel.a(sched.c.obj)
                0x000000000000c9a8                move_current_to_end_of_prio_q
 .text.z_ready_thread
                0x000000000000ca18       0x68 zephyr/kernel/libkernel.a(sched.c.obj)
                0x000000000000ca18                z_ready_thread
 .text.z_unpend_thread_no_timeout
                0x000000000000ca80       0x6c zephyr/kernel/libkernel.a(sched.c.obj)
                0x000000000000ca80                z_unpend_thread_no_timeout
 .text.z_sched_wake_thread
                0x000000000000caec       0x84 zephyr/kernel/libkernel.a(sched.c.obj)
                0x000000000000caec                z_sched_wake_thread
 .text.z_pend_curr
                0x000000000000cb70       0xd4 zephyr/kernel/libkernel.a(sched.c.obj)
                0x000000000000cb70                z_pend_curr
 .text.z_unpend1_no_timeout
                0x000000000000cc44       0x78 zephyr/kernel/libkernel.a(sched.c.obj)
                0x000000000000cc44                z_unpend1_no_timeout
 .text.z_thread_prio_set
                0x000000000000ccbc      0x1a0 zephyr/kernel/libkernel.a(sched.c.obj)
                0x000000000000ccbc                z_thread_prio_set
 .text.z_reschedule
                0x000000000000ce5c       0x70 zephyr/kernel/libkernel.a(sched.c.obj)
                0x000000000000ce5c                z_reschedule
 .text.z_reschedule_irqlock
                0x000000000000cecc       0x28 zephyr/kernel/libkernel.a(sched.c.obj)
                0x000000000000cecc                z_reschedule_irqlock
 .text.k_sched_lock
                0x000000000000cef4       0xa4 zephyr/kernel/libkernel.a(sched.c.obj)
                0x000000000000cef4                k_sched_lock
 .text.k_sched_unlock
                0x000000000000cf98       0xe0 zephyr/kernel/libkernel.a(sched.c.obj)
                0x000000000000cf98                k_sched_unlock
 .text.z_sched_init
                0x000000000000d078       0x10 zephyr/kernel/libkernel.a(sched.c.obj)
                0x000000000000d078                z_sched_init
 .text.z_impl_k_yield
                0x000000000000d088       0xec zephyr/kernel/libkernel.a(sched.c.obj)
                0x000000000000d088                z_impl_k_yield
 .text.z_tick_sleep
                0x000000000000d174       0xe0 zephyr/kernel/libkernel.a(sched.c.obj)
 .text.z_impl_k_sleep
                0x000000000000d254       0x64 zephyr/kernel/libkernel.a(sched.c.obj)
                0x000000000000d254                z_impl_k_sleep
 .text.z_impl_k_usleep
                0x000000000000d2b8       0x3c zephyr/kernel/libkernel.a(sched.c.obj)
                0x000000000000d2b8                z_impl_k_usleep
 .text.z_impl_k_wakeup
                0x000000000000d2f4       0x8c zephyr/kernel/libkernel.a(sched.c.obj)
                0x000000000000d2f4                z_impl_k_wakeup
 .text.z_impl_k_sched_current_thread_query
                0x000000000000d380        0xc zephyr/kernel/libkernel.a(sched.c.obj)
                0x000000000000d380                z_impl_k_sched_current_thread_query
 .text.z_thread_abort
                0x000000000000d38c      0x20c zephyr/kernel/libkernel.a(sched.c.obj)
                0x000000000000d38c                z_thread_abort
 .text.z_sched_wake
                0x000000000000d598       0x98 zephyr/kernel/libkernel.a(sched.c.obj)
                0x000000000000d598                z_sched_wake
 .text.z_sched_wait
                0x000000000000d630       0x24 zephyr/kernel/libkernel.a(sched.c.obj)
                0x000000000000d630                z_sched_wait
 .text.z_time_slice_size
                0x000000000000d654       0x40 zephyr/kernel/libkernel.a(timeslicing.c.obj)
 .text.slice_timeout
                0x000000000000d694       0x54 zephyr/kernel/libkernel.a(timeslicing.c.obj)
 .text.z_reset_time_slice
                0x000000000000d6e8       0x48 zephyr/kernel/libkernel.a(timeslicing.c.obj)
                0x000000000000d6e8                z_reset_time_slice
 .text.z_time_slice
                0x000000000000d730       0xa4 zephyr/kernel/libkernel.a(timeslicing.c.obj)
                0x000000000000d730                z_time_slice
 .text.z_spin_lock_valid
                0x000000000000d7d4       0x1c zephyr/kernel/libkernel.a(spinlock_validate.c.obj)
                0x000000000000d7d4                z_spin_lock_valid
 .text.z_spin_unlock_valid
                0x000000000000d7f0       0x2c zephyr/kernel/libkernel.a(spinlock_validate.c.obj)
                0x000000000000d7f0                z_spin_unlock_valid
 .text.z_spin_lock_set_owner
                0x000000000000d81c       0x10 zephyr/kernel/libkernel.a(spinlock_validate.c.obj)
                0x000000000000d81c                z_spin_lock_set_owner
 .text.first    0x000000000000d82c       0x10 zephyr/kernel/libkernel.a(timeout.c.obj)
 .text.elapsed  0x000000000000d83c       0x14 zephyr/kernel/libkernel.a(timeout.c.obj)
 .text.remove_timeout
                0x000000000000d850       0x38 zephyr/kernel/libkernel.a(timeout.c.obj)
 .text.z_add_timeout
                0x000000000000d888      0x184 zephyr/kernel/libkernel.a(timeout.c.obj)
                0x000000000000d888                z_add_timeout
 .text.z_abort_timeout
                0x000000000000da0c       0x98 zephyr/kernel/libkernel.a(timeout.c.obj)
                0x000000000000da0c                z_abort_timeout
 .text.sys_clock_announce
                0x000000000000daa4      0x128 zephyr/kernel/libkernel.a(timeout.c.obj)
                0x000000000000daa4                sys_clock_announce
 .text.sys_clock_tick_get
                0x000000000000dbcc       0x78 zephyr/kernel/libkernel.a(timeout.c.obj)
                0x000000000000dbcc                sys_clock_tick_get
 .text.z_timer_expiration_handler
                0x000000000000dc44      0x170 zephyr/kernel/libkernel.a(timer.c.obj)
                0x000000000000dc44                z_timer_expiration_handler
 .text.z_impl_k_timer_start
                0x000000000000ddb4       0xb8 zephyr/kernel/libkernel.a(timer.c.obj)
                0x000000000000ddb4                z_impl_k_timer_start
 .text.z_thread_alloc_helper
                0x000000000000de6c       0xcc zephyr/kernel/libkernel.a(mempool.c.obj)
 .text.z_thread_malloc
                0x000000000000df38       0x10 zephyr/kernel/libkernel.a(mempool.c.obj)
                0x000000000000df38                z_thread_malloc
 .text.statics_init
                0x000000000000df48       0x40 zephyr/kernel/libkernel.a(kheap.c.obj)
 .text.k_heap_free
                0x000000000000df88       0x84 zephyr/kernel/libkernel.a(kheap.c.obj)
                0x000000000000df88                k_heap_free
 .text.k_sys_work_q_init
                0x000000000000e00c       0x2c zephyr/kernel/libkernel.a(system_work_q.c.obj)
 .text.nrf_cc3xx_platform_init_no_rng
                0x000000000000e038       0x38 C:/ncs/v3.3.0/nrfxlib/crypto/nrf_cc310_platform/lib/cortex-m4/soft-float/no-interrupts/libnrf_cc310_platform_0.9.19.a(nrf_cc3xx_platform.c.obj)
                0x000000000000e038                nrf_cc3xx_platform_init_no_rng
 .text.nrf_cc3xx_platform_abort
                0x000000000000e070       0x24 C:/ncs/v3.3.0/nrfxlib/crypto/nrf_cc310_platform/lib/cortex-m4/soft-float/no-interrupts/libnrf_cc310_platform_0.9.19.a(nrf_cc3xx_platform_abort.c.obj)
 .text.CC_PalAbort
                0x000000000000e094       0x34 C:/ncs/v3.3.0/nrfxlib/crypto/nrf_cc310_platform/lib/cortex-m4/soft-float/no-interrupts/libnrf_cc310_platform_0.9.19.a(nrf_cc3xx_platform_abort.c.obj)
                0x000000000000e094                CC_PalAbort
 .text.nrf_cc3xx_platform_set_abort
                0x000000000000e0c8       0x10 C:/ncs/v3.3.0/nrfxlib/crypto/nrf_cc310_platform/lib/cortex-m4/soft-float/no-interrupts/libnrf_cc310_platform_0.9.19.a(nrf_cc3xx_platform_abort.c.obj)
                0x000000000000e0c8                nrf_cc3xx_platform_set_abort
 .text.mutex_free
                0x000000000000e0d8       0x34 C:/ncs/v3.3.0/nrfxlib/crypto/nrf_cc310_platform/lib/cortex-m4/soft-float/no-interrupts/libnrf_cc310_platform_0.9.19.a(nrf_cc3xx_platform_mutex.c.obj)
 .text.mutex_lock
                0x000000000000e10c       0x48 C:/ncs/v3.3.0/nrfxlib/crypto/nrf_cc310_platform/lib/cortex-m4/soft-float/no-interrupts/libnrf_cc310_platform_0.9.19.a(nrf_cc3xx_platform_mutex.c.obj)
 .text.mutex_unlock
                0x000000000000e154       0x38 C:/ncs/v3.3.0/nrfxlib/crypto/nrf_cc310_platform/lib/cortex-m4/soft-float/no-interrupts/libnrf_cc310_platform_0.9.19.a(nrf_cc3xx_platform_mutex.c.obj)
 .text.mutex_init
                0x000000000000e18c       0x20 C:/ncs/v3.3.0/nrfxlib/crypto/nrf_cc310_platform/lib/cortex-m4/soft-float/no-interrupts/libnrf_cc310_platform_0.9.19.a(nrf_cc3xx_platform_mutex.c.obj)
 .text.nrf_cc3xx_platform_set_mutexes
                0x000000000000e1ac       0x74 C:/ncs/v3.3.0/nrfxlib/crypto/nrf_cc310_platform/lib/cortex-m4/soft-float/no-interrupts/libnrf_cc310_platform_0.9.19.a(nrf_cc3xx_platform_mutex.c.obj)
                0x000000000000e1ac                nrf_cc3xx_platform_set_mutexes
 .text.CC_LibInitNoRng
                0x000000000000e220       0x64 C:/ncs/v3.3.0/nrfxlib/crypto/nrf_cc310_platform/lib/cortex-m4/soft-float/no-interrupts/libnrf_cc310_platform_0.9.19.a(cc_lib.c.obj)
                0x000000000000e220                CC_LibInitNoRng
 .text.CC_HalInit
                0x000000000000e284        0x4 C:/ncs/v3.3.0/nrfxlib/crypto/nrf_cc310_platform/lib/cortex-m4/soft-float/no-interrupts/libnrf_cc310_platform_0.9.19.a(cc_hal.c.obj)
                0x000000000000e284                CC_HalInit
 .text.CC_HalTerminate
                0x000000000000e288        0x4 C:/ncs/v3.3.0/nrfxlib/crypto/nrf_cc310_platform/lib/cortex-m4/soft-float/no-interrupts/libnrf_cc310_platform_0.9.19.a(cc_hal.c.obj)
                0x000000000000e288                CC_HalTerminate
 .text.CC_HalMaskInterrupt
                0x000000000000e28c        0xc C:/ncs/v3.3.0/nrfxlib/crypto/nrf_cc310_platform/lib/cortex-m4/soft-float/no-interrupts/libnrf_cc310_platform_0.9.19.a(cc_hal.c.obj)
                0x000000000000e28c                CC_HalMaskInterrupt
 .text.CC_PalInit
                0x000000000000e298       0x5c C:/ncs/v3.3.0/nrfxlib/crypto/nrf_cc310_platform/lib/cortex-m4/soft-float/no-interrupts/libnrf_cc310_platform_0.9.19.a(cc_pal.c.obj)
                0x000000000000e298                CC_PalInit
 .text.CC_PalTerminate
                0x000000000000e2f4       0x34 C:/ncs/v3.3.0/nrfxlib/crypto/nrf_cc310_platform/lib/cortex-m4/soft-float/no-interrupts/libnrf_cc310_platform_0.9.19.a(cc_pal.c.obj)
                0x000000000000e2f4                CC_PalTerminate
 .text.CC_PalDmaInit
                0x000000000000e328        0x4 C:/ncs/v3.3.0/nrfxlib/crypto/nrf_cc310_platform/lib/cortex-m4/soft-float/no-interrupts/libnrf_cc310_platform_0.9.19.a(cc_pal_dma.c.obj)
                0x000000000000e328                CC_PalDmaInit
 .text.CC_PalDmaTerminate
                0x000000000000e32c        0x4 C:/ncs/v3.3.0/nrfxlib/crypto/nrf_cc310_platform/lib/cortex-m4/soft-float/no-interrupts/libnrf_cc310_platform_0.9.19.a(cc_pal_dma.c.obj)
                0x000000000000e32c                CC_PalDmaTerminate
 .text.CC_PalMutexCreate
                0x000000000000e330       0x14 C:/ncs/v3.3.0/nrfxlib/crypto/nrf_cc310_platform/lib/cortex-m4/soft-float/no-interrupts/libnrf_cc310_platform_0.9.19.a(cc_pal_mutex.c.obj)
                0x000000000000e330                CC_PalMutexCreate
 .text.CC_PalMutexDestroy
                0x000000000000e344       0x14 C:/ncs/v3.3.0/nrfxlib/crypto/nrf_cc310_platform/lib/cortex-m4/soft-float/no-interrupts/libnrf_cc310_platform_0.9.19.a(cc_pal_mutex.c.obj)
                0x000000000000e344                CC_PalMutexDestroy
 .text.CC_PalPowerSaveModeInit
                0x000000000000e358       0x3c C:/ncs/v3.3.0/nrfxlib/crypto/nrf_cc310_platform/lib/cortex-m4/soft-float/no-interrupts/libnrf_cc310_platform_0.9.19.a(cc_pal_pm.c.obj)
                0x000000000000e358                CC_PalPowerSaveModeInit
 .text.CC_PalPowerSaveModeSelect
                0x000000000000e394       0x84 C:/ncs/v3.3.0/nrfxlib/crypto/nrf_cc310_platform/lib/cortex-m4/soft-float/no-interrupts/libnrf_cc310_platform_0.9.19.a(cc_pal_pm.c.obj)
                0x000000000000e394                CC_PalPowerSaveModeSelect
 .text.snprintf
                0x000000000000e418       0x58 c:\ncs\toolchains\936afb6332\opt\zephyr-sdk\arm-zephyr-eabi\bin\../lib/gcc/../../picolibc/arm-zephyr-eabi/lib/thumb/v7e-m/nofp\libc.a(libc_tinystdio_snprintf.c.o)
                0x000000000000e418                snprintf
 .text.__l_vfprintf
                0x000000000000e470      0x4b8 c:\ncs\toolchains\936afb6332\opt\zephyr-sdk\arm-zephyr-eabi\bin\../lib/gcc/../../picolibc/arm-zephyr-eabi/lib/thumb/v7e-m/nofp\libc.a(libc_tinystdio_vflprintf.c.o)
                0x000000000000e470                __l_vfprintf
 .text._OffsetAbsSyms
                0x000000000000e928        0x2 zephyr/CMakeFiles/offsets.dir/./arch/arm/core/offsets/offsets.c.obj
                0x000000000000e928                _OffsetAbsSyms
 .text.dtm_timer_handler
                0x000000000000e92a        0x2 app/libapp.a(dtm.c.obj)
 .text.dtm_setup_prepare
                0x000000000000e92c        0x4 app/libapp.a(dtm.c.obj)
                0x000000000000e92c                dtm_setup_prepare
 .text.dtm_setup_set_modulation
                0x000000000000e930        0xc app/libapp.a(dtm.c.obj)
                0x000000000000e930                dtm_setup_set_modulation
 .text.dtm_setup_read_max_supported_value
                0x000000000000e93c       0x2a app/libapp.a(dtm.c.obj)
                0x000000000000e93c                dtm_setup_read_max_supported_value
 .text.dtm_setup_set_cte_mode
                0x000000000000e966        0xc app/libapp.a(dtm.c.obj)
                0x000000000000e966                dtm_setup_set_cte_mode
 .text.dtm_setup_set_cte_slot
                0x000000000000e972        0x6 app/libapp.a(dtm.c.obj)
                0x000000000000e972                dtm_setup_set_cte_slot
 .text.dtm_setup_set_antenna_params
                0x000000000000e978        0x6 app/libapp.a(dtm.c.obj)
                0x000000000000e978                dtm_setup_set_antenna_params
 .text.dtm_hw_radio_lr_check
                0x000000000000e97e        0xc app/libapp.a(dtm_hw.c.obj)
                0x000000000000e97e                dtm_hw_radio_lr_check
 .text.dtm_hw_radio_min_power_get
                0x000000000000e98a        0x6 app/libapp.a(dtm_hw.c.obj)
                0x000000000000e98a                dtm_hw_radio_min_power_get
 .text.dtm_hw_radio_max_power_get
                0x000000000000e990        0x4 app/libapp.a(dtm_hw.c.obj)
                0x000000000000e990                dtm_hw_radio_max_power_get
 .text.dtm_hw_radio_power_array_size_get
                0x000000000000e994        0x4 app/libapp.a(dtm_hw.c.obj)
                0x000000000000e994                dtm_hw_radio_power_array_size_get
 .text.chunk_size
                0x000000000000e998        0xa zephyr/libzephyr.a(heap.c.obj)
 .text.free_list_add
                0x000000000000e9a2       0x4e zephyr/libzephyr.a(heap.c.obj)
 .text.free_list_remove_bidx
                0x000000000000e9f0       0x3a zephyr/libzephyr.a(heap.c.obj)
 .text.free_list_remove
                0x000000000000ea2a       0x1a zephyr/libzephyr.a(heap.c.obj)
 .text.alloc_chunk
                0x000000000000ea44       0x6e zephyr/libzephyr.a(heap.c.obj)
 .text.merge_chunks
                0x000000000000eab2       0x2c zephyr/libzephyr.a(heap.c.obj)
 .text.split_chunks
                0x000000000000eade       0x34 zephyr/libzephyr.a(heap.c.obj)
 .text.free_chunk
                0x000000000000eb12       0x62 zephyr/libzephyr.a(heap.c.obj)
 .text.sys_heap_alloc
                0x000000000000eb74       0x5a zephyr/libzephyr.a(heap.c.obj)
                0x000000000000eb74                sys_heap_alloc
 .text.sys_heap_noalign_alloc
                0x000000000000ebce        0x6 zephyr/libzephyr.a(heap.c.obj)
                0x000000000000ebce                sys_heap_noalign_alloc
 .text.cbpprintf_external
                0x000000000000ebd4       0x62 zephyr/libzephyr.a(cbprintf_packaged.c.obj)
                0x000000000000ebd4                cbpprintf_external
 .text.is_ptr   0x000000000000ec36       0x4a zephyr/libzephyr.a(cbprintf_packaged.c.obj)
                0x000000000000ec36                is_ptr
 .text.vprintk  0x000000000000ec80        0x4 zephyr/libzephyr.a(printk.c.obj)
                0x000000000000ec80                vprintk
 .text.printk   0x000000000000ec84       0x1a zephyr/libzephyr.a(printk.c.obj)
                0x000000000000ec84                printk
 .text.assert_post_action
                0x000000000000ec9e       0x12 zephyr/libzephyr.a(assert.c.obj)
                0x000000000000ec9e                assert_post_action
 .text.assert_print
                0x000000000000ecb0       0x1a zephyr/libzephyr.a(assert.c.obj)
                0x000000000000ecb0                assert_print
 .text.free_space
                0x000000000000ecca       0x26 zephyr/libzephyr.a(mpsc_pbuf.c.obj)
 .text.get_usage
                0x000000000000ecf0       0x22 zephyr/libzephyr.a(mpsc_pbuf.c.obj)
 .text.idx_inc  0x000000000000ed12       0x1c zephyr/libzephyr.a(mpsc_pbuf.c.obj)
 .text.rd_idx_inc
                0x000000000000ed2e       0x18 zephyr/libzephyr.a(mpsc_pbuf.c.obj)
 .text.add_skip_item
                0x000000000000ed46       0x3a zephyr/libzephyr.a(mpsc_pbuf.c.obj)
 .text.drop_item_locked
                0x000000000000ed80      0x100 zephyr/libzephyr.a(mpsc_pbuf.c.obj)
 .text.post_drop_action
                0x000000000000ee80       0x36 zephyr/libzephyr.a(mpsc_pbuf.c.obj)
 .text.max_utilization_update
                0x000000000000eeb6       0x1a zephyr/libzephyr.a(mpsc_pbuf.c.obj)
 .text.sys_slist_find_and_remove
                0x000000000000eed0       0x36 zephyr/libzephyr.a(onoff.c.obj)
 .text.process_recheck
                0x000000000000ef06       0x38 zephyr/libzephyr.a(onoff.c.obj)
 .text.validate_args
                0x000000000000ef3e       0x20 zephyr/libzephyr.a(onoff.c.obj)
 .text.notify_one
                0x000000000000ef5e       0x2c zephyr/libzephyr.a(onoff.c.obj)
 .text.onoff_manager_init
                0x000000000000ef8a       0x26 zephyr/libzephyr.a(onoff.c.obj)
                0x000000000000ef8a                onoff_manager_init
 .text.sys_notify_validate
                0x000000000000efb0       0x22 zephyr/libzephyr.a(notify.c.obj)
                0x000000000000efb0                sys_notify_validate
 .text.ring_buf_area_claim
                0x000000000000efd2       0x30 zephyr/libzephyr.a(ring_buffer.c.obj)
                0x000000000000efd2                ring_buf_area_claim
 .text.ring_buf_put_claim
                0x000000000000f002       0x1e zephyr/libzephyr.a(ring_buffer.c.obj)
 .text.ring_buf_get_claim
                0x000000000000f020       0x1e zephyr/libzephyr.a(ring_buffer.c.obj)
 .text.ring_buf_area_finish
                0x000000000000f03e       0x32 zephyr/libzephyr.a(ring_buffer.c.obj)
                0x000000000000f03e                ring_buf_area_finish
 .text._ConfigAbsSyms
                0x000000000000f070        0x2 zephyr/libzephyr.a(configs.c.obj)
                0x000000000000f070                _ConfigAbsSyms
 .text.log_msg_generic_get_wlen
                0x000000000000f072       0x20 zephyr/libzephyr.a(log_core.c.obj)
 .text.dummy_timestamp
                0x000000000000f092        0x4 zephyr/libzephyr.a(log_core.c.obj)
 .text.default_get_timestamp
                0x000000000000f096        0x4 zephyr/libzephyr.a(log_core.c.obj)
 .text.atomic_inc
                0x000000000000f09a       0x1a zephyr/libzephyr.a(log_core.c.obj)
 .text.z_log_vprintk
                0x000000000000f0b4       0x1c zephyr/libzephyr.a(log_core.c.obj)
                0x000000000000f0b4                z_log_vprintk
 .text.z_log_notify_drop
                0x000000000000f0d0        0x6 zephyr/libzephyr.a(log_core.c.obj)
 .text.z_log_get_tag
                0x000000000000f0d6        0x4 zephyr/libzephyr.a(log_core.c.obj)
                0x000000000000f0d6                z_log_get_tag
 .text.log_backend_enable
                0x000000000000f0da       0x12 zephyr/libzephyr.a(log_mgmt.c.obj)
                0x000000000000f0da                log_backend_enable
 .text.z_cbprintf_cpy
                0x000000000000f0ec       0x2e zephyr/libzephyr.a(log_msg.c.obj)
 .text.z_log_msg_finalize
                0x000000000000f11a       0x32 zephyr/libzephyr.a(log_msg.c.obj)
                0x000000000000f11a                z_log_msg_finalize
 .text.z_log_msg_simple_create
                0x000000000000f14c       0x6e zephyr/libzephyr.a(log_msg.c.obj)
 .text.z_impl_z_log_msg_simple_create_0
                0x000000000000f1ba       0x12 zephyr/libzephyr.a(log_msg.c.obj)
                0x000000000000f1ba                z_impl_z_log_msg_simple_create_0
 .text.z_impl_z_log_msg_simple_create_1
                0x000000000000f1cc       0x14 zephyr/libzephyr.a(log_msg.c.obj)
                0x000000000000f1cc                z_impl_z_log_msg_simple_create_1
 .text.z_impl_z_log_msg_simple_create_2
                0x000000000000f1e0       0x18 zephyr/libzephyr.a(log_msg.c.obj)
                0x000000000000f1e0                z_impl_z_log_msg_simple_create_2
 .text.log_output_write
                0x000000000000f1f8       0x1c zephyr/libzephyr.a(log_output.c.obj)
 .text.log_output_flush
                0x000000000000f214       0x1a zephyr/libzephyr.a(log_output.c.obj)
 .text.cr_out_func
                0x000000000000f22e       0x1c zephyr/libzephyr.a(log_output.c.obj)
 .text.log_output_msg_process
                0x000000000000f24a       0x6a zephyr/libzephyr.a(log_output.c.obj)
                0x000000000000f24a                log_output_msg_process
 .text.z_log_msg_simple_create_1
                0x000000000000f2b4        0x4 zephyr/libzephyr.a(usb_device.c.obj)
 .text.get_ep_bm_from_addr
                0x000000000000f2b8       0x1c zephyr/libzephyr.a(usb_device.c.obj)
 .text.usb_device_init
                0x000000000000f2d4        0x6 zephyr/libzephyr.a(usb_device.c.obj)
 .text.usb_get_dev_data_by_cfg
                0x000000000000f2da       0x18 zephyr/libzephyr.a(usb_descriptor.c.obj)
                0x000000000000f2da                usb_get_dev_data_by_cfg
 .text.usb_get_dev_data_by_iface
                0x000000000000f2f2       0x1c zephyr/libzephyr.a(usb_descriptor.c.obj)
                0x000000000000f2f2                usb_get_dev_data_by_iface
 .text.usb_get_dev_data_by_ep
                0x000000000000f30e       0x2c zephyr/libzephyr.a(usb_descriptor.c.obj)
                0x000000000000f30e                usb_get_dev_data_by_ep
 .text.usb_transfer_is_busy
                0x000000000000f33a       0x16 zephyr/libzephyr.a(usb_transfer.c.obj)
                0x000000000000f33a                usb_transfer_is_busy
 .text.cdc_interface_config
                0x000000000000f350       0x14 zephyr/libzephyr.a(cdc_acm.c.obj)
 .text.cdc_acm_irq_callback_work_handler
                0x000000000000f364        0xa zephyr/libzephyr.a(cdc_acm.c.obj)
 .text.cdc_acm_irq_tx_disable
                0x000000000000f36e        0xa zephyr/libzephyr.a(cdc_acm.c.obj)
 .text.cdc_acm_irq_tx_ready
                0x000000000000f378       0x20 zephyr/libzephyr.a(cdc_acm.c.obj)
 .text.cdc_acm_irq_rx_disable
                0x000000000000f398        0xa zephyr/libzephyr.a(cdc_acm.c.obj)
 .text.cdc_acm_irq_rx_ready
                0x000000000000f3a2        0xe zephyr/libzephyr.a(cdc_acm.c.obj)
 .text.cdc_acm_irq_is_pending
                0x000000000000f3b0       0x1c zephyr/libzephyr.a(cdc_acm.c.obj)
 .text.cdc_acm_irq_callback_set
                0x000000000000f3cc        0x8 zephyr/libzephyr.a(cdc_acm.c.obj)
 .text.cdc_acm_line_ctrl_get
                0x000000000000f3d4       0x32 zephyr/libzephyr.a(cdc_acm.c.obj)
 .text.cdc_acm_line_ctrl_set
                0x000000000000f406       0xba zephyr/libzephyr.a(cdc_acm.c.obj)
 .text.cdc_acm_fifo_read
                0x000000000000f4c0       0x48 zephyr/libzephyr.a(cdc_acm.c.obj)
 .text.cdc_acm_poll_in
                0x000000000000f508       0x12 zephyr/libzephyr.a(cdc_acm.c.obj)
 .text.cdc_acm_irq_update
                0x000000000000f51a       0x30 zephyr/libzephyr.a(cdc_acm.c.obj)
 .text.abort_function
                0x000000000000f54a        0x2 zephyr/libzephyr.a(nrf_cc3xx_platform_abort_zephyr.c.obj)
 .text.arch_early_memset
                0x000000000000f54c        0x4 zephyr/arch/common/libarch__common.a(init.c.obj)
                0x000000000000f54c                arch_early_memset
 .text.arch_early_memcpy
                0x000000000000f550        0x4 zephyr/arch/common/libarch__common.a(init.c.obj)
                0x000000000000f550                arch_early_memcpy
 .text.z_do_kernel_oops
                0x000000000000f554        0x8 zephyr/arch/arch/arm/core/libarch__arm__core.a(fatal.c.obj)
                0x000000000000f554                z_do_kernel_oops
 .text.z_arm_nmi
                0x000000000000f55c        0xe zephyr/arch/arch/arm/core/libarch__arm__core.a(nmi.c.obj)
                0x000000000000f55c                z_arm_nmi
 .text.z_log_msg_simple_create_0.constprop.0
                0x000000000000f56a        0x8 zephyr/arch/arch/arm/core/cortex_m/libarch__arm__core__cortex_m.a(fault.c.obj)
 .text.z_irq_spurious